// Jest Snapshot v1, https://goo.gl/fbAQLP

exports[`Card should match the snapshot 1`] = `
<article
  className="Card  "
  onClick={[Function]}
>
  <h2
    className="Card-title"
  >
    COLORADO
  </h2>
  <ul
    className="Card-list"
  >
    <li
      className="Card-entry low"
      key="0"
    >
      2016
      : 
      0
    </li>
    <li
      className="Card-entry low"
      key="1"
    >
      2017
      : 
      0.5
    </li>
    <li
      className="Card-entry undefined"
      key="2"
    >
      2018
      : 
      1
    </li>
  </ul>
</article>
`;
