// Jest Snapshot v1, https://goo.gl/fbAQLP

exports[`ControlCards should match snapshot 1`] = `
<div
  className="control-cards"
>
  <Component
    cardClick={
      Object {
        "BAYFIELD 10 JT-R": true,
        "BENNETT 29J": true,
      }
    }
    key="0"
    location="AGUILAR REORGANIZED 6"
    stats={
      Object {
        "2004": 1,
        "2005": 1,
      }
    }
  />
  <Component
    cardClick={
      Object {
        "BAYFIELD 10 JT-R": true,
        "BENNETT 29J": true,
      }
    }
    key="1"
    location="AKRON R-1"
    stats={
      Object {
        "2008": 0.844,
        "2009": 0.96,
      }
    }
  />
  <Component
    comparisonData={
      Object {
        "AGUILAR REORGANIZED 6": 1,
        "AKRON R-1": 0.619,
        "compared": 0.619,
      }
    }
    key="1534340715401"
  />
   
</div>
`;
