// Jest Snapshot v1, https://goo.gl/fbAQLP

exports[`DistrictCardContainer should match snap shot with an empty District Card container 1`] = `
<div
  className="district-card-container"
>
   
   
</div>
`;

exports[`DistrictCardContainer should match snapshot 1`] = `
<div
  className="district-card-container"
>
   
  <Component
    counter={0}
    key="0"
    location="COLORADO"
    selectCard={[Function]}
    stats={
      Object {
        "2004": 0.24,
        "2005": 0.278,
        "2006": 0.337,
        "2007": 0.395,
        "2008": 0.536,
        "2009": 0.598,
        "2010": 0.64,
        "2011": 0.672,
        "2012": 0.695,
        "2013": 0.703,
        "2014": 0.741,
      }
    }
  />
  <Component
    counter={0}
    key="1"
    location="ACADEMY 20"
    selectCard={[Function]}
    stats={
      Object {
        "2004": 0.302,
        "2005": 0.267,
        "2006": 0.354,
        "2007": 0.392,
        "2008": 0.385,
        "2009": 0.39,
        "2010": 0.436,
        "2011": 0.489,
        "2012": 0.479,
        "2013": 0.488,
        "2014": 0.49,
      }
    }
  />
   
</div>
`;
