// Jest Snapshot v1, https://goo.gl/fbAQLP

exports[`Card should match the snapshot 1`] = `"<div class=\\"CardContainer__info\\"><p>Compare district stats by clicking on two districts from the list on the left. To change districts click on the districts in the list on the left or remove them individually by clicking on the district card itself. Search for districts in upper left corner. To change data set click on title and select from dropdown.</p><button>X</button></div>"`;
