// Jest Snapshot v1, https://goo.gl/fbAQLP

exports[`LocationList should match the snapshot 1`] = `"<div></div>"`;

exports[`LocationList should match the snapshot with multiple locations 1`] = `"<div><button name=\\"COLORADO\\" class=\\"LocationList__btn\\">COLORADO</button><button name=\\"ACADEMY 20\\" class=\\"LocationList__btn\\">ACADEMY 20</button><button name=\\"AGATE 300\\" class=\\"LocationList__btn\\">AGATE 300</button></div>"`;

exports[`LocationList should match the snapshot with one location 1`] = `"<div><button name=\\"COLORADO\\" class=\\"LocationList__btn\\">COLORADO</button></div>"`;
