// Jest Snapshot v1, https://goo.gl/fbAQLP

exports[`CardsContainer should have hold the right elements 1`] = `
<div
  className="cards-container"
>
  <Card
    data={
      Object {
        "location": "Colorado",
        "stats": Object {
          "2004": 0.24,
          "2005": 0.278,
          "2006": 0.337,
          "2007": 0.395,
          "2008": 0.536,
          "2009": 0.598,
          "2010": 0.64,
          "2011": 0.672,
          "2012": 0.695,
          "2013": 0.703,
          "2014": 0.741,
        },
      }
    }
    key="1538681580608"
  />
  <Card
    data={
      Object {
        "location": "ACADEMY 20",
        "stats": Object {
          "2004": 0.302,
          "2005": 0.267,
          "2006": 0.354,
          "2007": 0.392,
          "2008": 0.385,
          "2009": 0.39,
          "2010": 0.436,
          "2011": 0.489,
          "2012": 0.479,
          "2013": 0.488,
          "2014": 0.49,
        },
      }
    }
    key="1538681580632"
  />
  <Card
    data={
      Object {
        "location": "ADAMS COUNTY 14",
        "stats": Object {
          "2004": 0.228,
          "2005": 0.3,
          "2006": 0.293,
          "2007": 0.306,
          "2008": 0.673,
          "2009": 1,
          "2010": 1,
          "2011": 1,
          "2012": 1,
          "2013": 0.998,
          "2014": 1,
        },
      }
    }
    key="1538681580655"
  />
  <Card
    data={
      Object {
        "location": "ADAMS-ARAPAHOE 28J",
        "stats": Object {
          "2004": 0.174,
          "2005": 0.202,
          "2006": 0.37,
          "2007": 0.474,
          "2008": 0.48,
          "2009": 0.73,
          "2010": 0.922,
          "2011": 0.95,
          "2012": 0.974,
          "2013": 0.977,
          "2014": 0.971,
        },
      }
    }
    key="1538681580678"
  />
  <Card
    data={
      Object {
        "location": "AGATE 300",
        "stats": Object {
          "2004": 1,
          "2005": 1,
          "2006": 0,
          "2007": 1,
          "2008": 1,
          "2009": 1,
          "2010": 1,
          "2011": 1,
          "2012": 1,
          "2013": 1,
          "2014": 1,
        },
      }
    }
    key="1538681580701"
  />
  <Card
    data={
      Object {
        "location": "AGUILAR REORGANIZED 6",
        "stats": Object {
          "2004": 1,
          "2005": 1,
          "2006": 1,
          "2007": 1,
          "2008": 1,
          "2009": 1,
          "2010": 1,
          "2011": 1,
          "2012": 1,
          "2013": 1,
          "2014": 1,
        },
      }
    }
    key="1538681580724"
  />
  <Card
    data={
      Object {
        "location": "AKRON R-1",
        "stats": Object {
          "2004": 0,
          "2005": 0,
          "2006": 0,
          "2007": 0,
          "2008": 0.844,
          "2009": 0.96,
          "2010": 1,
          "2011": 1,
          "2012": 1,
          "2013": 1,
          "2014": 1,
        },
      }
    }
    key="1538681580747"
  />
  <Card
    data={
      Object {
        "location": "ALAMOSA RE-11J",
        "stats": Object {
          "2004": 0,
          "2005": 0.208,
          "2006": 0.083,
          "2007": 0.66,
          "2008": 0.994,
          "2009": 1,
          "2010": 1,
          "2011": 1,
          "2012": 1,
          "2013": 1,
          "2014": 1,
        },
      }
    }
    key="1538681580770"
  />
  <Card
    data={
      Object {
        "location": "ARCHULETA COUNTY 50 JT",
        "stats": Object {
          "2004": 0,
          "2005": 0,
          "2006": 0.53,
          "2007": 0.542,
          "2008": 0.563,
          "2009": 0.61,
          "2010": 0.602,
          "2011": 0.571,
          "2012": 0.918,
          "2013": 0.918,
          "2014": 0.929,
        },
      }
    }
    key="1538681580793"
  />
  <Card
    data={
      Object {
        "location": "ARICKAREE R-2",
        "stats": Object {
          "2004": 1,
          "2005": 0,
          "2006": 0.125,
          "2007": 0,
          "2008": 1,
          "2009": 1,
          "2010": 1,
          "2011": 1,
          "2012": 1,
          "2013": 1,
          "2014": 1,
        },
      }
    }
    key="1538681580816"
  />
  <Card
    data={
      Object {
        "location": "ARRIBA-FLAGLER C-20",
        "stats": Object {
          "2004": 0.455,
          "2005": 0.625,
          "2006": 0.385,
          "2007": 0.25,
          "2008": 0,
          "2009": 1,
          "2010": 1,
          "2011": 1,
          "2012": 1,
          "2013": 1,
          "2014": 1,
        },
      }
    }
    key="1538681580839"
  />
  <Card
    data={
      Object {
        "location": "ASPEN 1",
        "stats": Object {
          "2004": 1,
          "2005": 1,
          "2006": 1,
          "2007": 1,
          "2008": 1,
          "2009": 1,
          "2010": 1,
          "2011": 1,
          "2012": 1,
          "2013": 1,
          "2014": 0.992,
        },
      }
    }
    key="1538681580862"
  />
  <Card
    data={
      Object {
        "location": "AULT-HIGHLAND RE-9",
        "stats": Object {
          "2004": 1,
          "2005": 1,
          "2006": 1,
          "2007": 1,
          "2008": 0.986,
          "2009": 1,
          "2010": 1,
          "2011": 1,
          "2012": 1,
          "2013": 1,
          "2014": 1,
        },
      }
    }
    key="1538681580885"
  />
  <Card
    data={
      Object {
        "location": "BAYFIELD 10 JT-R",
        "stats": Object {
          "2004": 0.318,
          "2005": 0.5,
          "2006": 0,
          "2007": 1,
          "2008": 1,
          "2009": 1,
          "2010": 1,
          "2011": 1,
          "2012": 1,
          "2013": 1,
          "2014": 1,
        },
      }
    }
    key="1538681580908"
  />
  <Card
    data={
      Object {
        "location": "BENNETT 29J",
        "stats": Object {
          "2004": 0,
          "2005": 0,
          "2006": 0,
          "2007": 1,
          "2008": 1,
          "2009": 0,
          "2010": 0,
          "2011": 0,
          "2012": 0,
          "2013": 0,
          "2014": 0,
        },
      }
    }
    key="1538681580931"
  />
  <Card
    data={
      Object {
        "location": "BETHUNE R-5",
        "stats": Object {
          "2004": 1,
          "2005": 1,
          "2006": 1,
          "2007": 1,
          "2008": 1,
          "2009": 1,
          "2010": 1,
          "2011": 1,
          "2012": 1,
          "2013": 1,
          "2014": 1,
        },
      }
    }
    key="1538681580954"
  />
  <Card
    data={
      Object {
        "location": "BIG SANDY 100J",
        "stats": Object {
          "2004": 0,
          "2005": 0,
          "2006": 0,
          "2007": 0,
          "2008": 0,
          "2009": 0,
          "2010": 0,
          "2011": 0,
          "2012": 0,
          "2013": 0,
          "2014": 0,
        },
      }
    }
    key="1538681580977"
  />
  <Card
    data={
      Object {
        "location": "BOULDER VALLEY RE 2",
        "stats": Object {
          "2004": 0.016,
          "2005": 0.033,
          "2006": 0.032,
          "2007": 0.067,
          "2008": 0.118,
          "2009": 0.1,
          "2010": 0.157,
          "2011": 0.248,
          "2012": 0.23,
          "2013": 0,
          "2014": 0.279,
        },
      }
    }
    key="1538681581000"
  />
  <Card
    data={
      Object {
        "location": "BRANSON REORGANIZED 82",
        "stats": Object {
          "2004": 1,
          "2005": 1,
          "2006": 1,
          "2007": 1,
          "2008": 1,
          "2009": 1,
          "2010": 1,
          "2011": 1,
          "2012": 1,
          "2013": 1,
          "2014": 1,
        },
      }
    }
    key="1538681581023"
  />
  <Card
    data={
      Object {
        "location": "BRIGGSDALE RE-10",
        "stats": Object {
          "2004": 0,
          "2005": 1,
          "2006": 1,
          "2007": 1,
          "2008": 1,
          "2009": 1,
          "2010": 1,
          "2011": 1,
          "2012": 1,
          "2013": 1,
          "2014": 1,
        },
      }
    }
    key="1538681581046"
  />
  <Card
    data={
      Object {
        "location": "BRIGHTON 27J",
        "stats": Object {
          "2004": 0.036,
          "2005": 0.063,
          "2006": 0.06,
          "2007": 0.238,
          "2008": 0.225,
          "2009": 0.2,
          "2010": 0.323,
          "2011": 0.345,
          "2012": 0.456,
          "2013": 0.577,
          "2014": 0.72,
        },
      }
    }
    key="1538681581069"
  />
  <Card
    data={
      Object {
        "location": "BRUSH RE-2(J)",
        "stats": Object {
          "2004": 0,
          "2005": 0,
          "2006": 0,
          "2007": 0,
          "2008": 1,
          "2009": 1,
          "2010": 1,
          "2011": 1,
          "2012": 1,
          "2013": 1,
          "2014": 1,
        },
      }
    }
    key="1538681581092"
  />
  <Card
    data={
      Object {
        "location": "BUENA VISTA R-31",
        "stats": Object {
          "2004": 0,
          "2005": 0,
          "2006": 0.283,
          "2007": 0.39,
          "2008": 0.921,
          "2009": 0.96,
          "2010": 1,
          "2011": 1,
          "2012": 1,
          "2013": 1,
          "2014": 1,
        },
      }
    }
    key="1538681581115"
  />
  <Card
    data={
      Object {
        "location": "BUFFALO RE-4",
        "stats": Object {
          "2004": 1,
          "2005": 1,
          "2006": 1,
          "2007": 1,
          "2008": 1,
          "2009": 1,
          "2010": 1,
          "2011": 1,
          "2012": 1,
          "2013": 1,
          "2014": 1,
        },
      }
    }
    key="1538681581138"
  />
  <Card
    data={
      Object {
        "location": "BURLINGTON RE-6J",
        "stats": Object {
          "2004": 0,
          "2005": 0,
          "2006": 0.254,
          "2007": 1,
          "2008": 1,
          "2009": 1,
          "2010": 1,
          "2011": 1,
          "2012": 1,
          "2013": 1,
          "2014": 1,
        },
      }
    }
    key="1538681581161"
  />
  <Card
    data={
      Object {
        "location": "BYERS 32J",
        "stats": Object {
          "2004": 1,
          "2005": 1,
          "2006": 1,
          "2007": 1,
          "2008": 1,
          "2009": 1,
          "2010": 1,
          "2011": 1,
          "2012": 1,
          "2013": 1,
          "2014": 0.34,
        },
      }
    }
    key="1538681581184"
  />
  <Card
    data={
      Object {
        "location": "CALHAN RJ-1",
        "stats": Object {
          "2004": 0.353,
          "2005": 0,
          "2006": 0.423,
          "2007": 0.981,
          "2008": 0.977,
          "2009": 1,
          "2010": 1,
          "2011": 1,
          "2012": 1,
          "2013": 1,
          "2014": 1,
        },
      }
    }
    key="1538681581207"
  />
  <Card
    data={
      Object {
        "location": "CAMPO RE-6",
        "stats": Object {
          "2004": 0,
          "2005": 0,
          "2006": 1,
          "2007": 1,
          "2008": 1,
          "2009": 1,
          "2010": 1,
          "2011": 1,
          "2012": 1,
          "2013": 1,
          "2014": 1,
        },
      }
    }
    key="1538681581230"
  />
  <Card
    data={
      Object {
        "location": "CANON CITY RE-1",
        "stats": Object {
          "2004": 0.302,
          "2005": 0.353,
          "2006": 0.119,
          "2007": 0.218,
          "2008": 0.766,
          "2009": 0.98,
          "2010": 0.993,
          "2011": 0.993,
          "2012": 1,
          "2013": 1,
          "2014": 1,
        },
      }
    }
    key="1538681581253"
  />
  <Card
    data={
      Object {
        "location": "CENTENNIAL R-1",
        "stats": Object {
          "2004": 0,
          "2005": 0.105,
          "2006": 0.045,
          "2007": 0,
          "2008": 1,
          "2009": 1,
          "2010": 1,
          "2011": 1,
          "2012": 1,
          "2013": 1,
          "2014": 1,
        },
      }
    }
    key="1538681581276"
  />
  <Card
    data={
      Object {
        "location": "CENTER 26 JT",
        "stats": Object {
          "2004": 1,
          "2005": 1,
          "2006": 1,
          "2007": 1,
          "2008": 1,
          "2009": 1,
          "2010": 1,
          "2011": 1,
          "2012": 1,
          "2013": 1,
          "2014": 1,
        },
      }
    }
    key="1538681581299"
  />
  <Card
    data={
      Object {
        "location": "CHERAW 31",
        "stats": Object {
          "2004": 1,
          "2005": 1,
          "2006": 1,
          "2007": 1,
          "2008": 1,
          "2009": 1,
          "2010": 1,
          "2011": 1,
          "2012": 1,
          "2013": 1,
          "2014": 1,
        },
      }
    }
    key="1538681581322"
  />
  <Card
    data={
      Object {
        "location": "CHERRY CREEK 5",
        "stats": Object {
          "2004": 0.392,
          "2005": 0,
          "2006": 0,
          "2007": 0,
          "2008": 0.193,
          "2009": 0.19,
          "2010": 0.197,
          "2011": 0.203,
          "2012": 0.187,
          "2013": 0,
          "2014": 0.13,
        },
      }
    }
    key="1538681581345"
  />
  <Card
    data={
      Object {
        "location": "CHEYENNE COUNTY RE-5",
        "stats": Object {
          "2004": 1,
          "2005": 1,
          "2006": 1,
          "2007": 1,
          "2008": 1,
          "2009": 1,
          "2010": 1,
          "2011": 1,
          "2012": 1,
          "2013": 0,
          "2014": 1,
        },
      }
    }
    key="1538681581368"
  />
  <Card
    data={
      Object {
        "location": "CHEYENNE MOUNTAIN 12",
        "stats": Object {
          "2004": 0,
          "2005": 0,
          "2006": 0,
          "2007": 0.072,
          "2008": 0.599,
          "2009": 0.54,
          "2010": 0.598,
          "2011": 0.705,
          "2012": 0.666,
          "2013": 0.872,
          "2014": 0.858,
        },
      }
    }
    key="1538681581391"
  />
  <Card
    data={
      Object {
        "location": "CLEAR CREEK RE-1",
        "stats": Object {
          "2004": 0.147,
          "2005": 0.208,
          "2006": 0.284,
          "2007": 0.198,
          "2008": 0.758,
          "2009": 1,
          "2010": 1,
          "2011": 1,
          "2012": 1,
          "2013": 0.381,
          "2014": 1,
        },
      }
    }
    key="1538681581414"
  />
  <Card
    data={
      Object {
        "location": "COLORADO SPRINGS 11",
        "stats": Object {
          "2004": 0.069,
          "2005": 0.509,
          "2006": 0.638,
          "2007": 0.994,
          "2008": 0.992,
          "2009": 1,
          "2010": 0.993,
          "2011": 0.994,
          "2012": 0.993,
          "2013": 0.989,
          "2014": 0.994,
        },
      }
    }
    key="1538681581437"
  />
  <Card
    data={
      Object {
        "location": "COTOPAXI RE-3",
        "stats": Object {
          "2004": 0,
          "2005": 0,
          "2006": 0,
          "2007": 0,
          "2008": 1,
          "2009": 1,
          "2010": 1,
          "2011": 1,
          "2012": 1,
          "2013": 1,
          "2014": 1,
        },
      }
    }
    key="1538681581460"
  />
  <Card
    data={
      Object {
        "location": "CREEDE CONSOLIDATED 1",
        "stats": Object {
          "2004": 0,
          "2005": 1,
          "2006": 0,
          "2007": 1,
          "2008": 1,
          "2009": 1,
          "2010": 1,
          "2011": 1,
          "2012": 1,
          "2013": 1,
          "2014": 1,
        },
      }
    }
    key="1538681581483"
  />
  <Card
    data={
      Object {
        "location": "CRIPPLE CREEK-VICTOR RE-1",
        "stats": Object {
          "2004": 1,
          "2005": 1,
          "2006": 1,
          "2007": 1,
          "2008": 1,
          "2009": 1,
          "2010": 1,
          "2011": 1,
          "2012": 1,
          "2013": 1,
          "2014": 1,
        },
      }
    }
    key="1538681581506"
  />
  <Card
    data={
      Object {
        "location": "CROWLEY COUNTY RE-1-J",
        "stats": Object {
          "2004": 0,
          "2005": 1,
          "2006": 1,
          "2007": 1,
          "2008": 1,
          "2009": 1,
          "2010": 1,
          "2011": 1,
          "2012": 1,
          "2013": 1,
          "2014": 1,
        },
      }
    }
    key="1538681581529"
  />
  <Card
    data={
      Object {
        "location": "CUSTER COUNTY SCHOOL DISTRICT C-1",
        "stats": Object {
          "2004": 0,
          "2005": 0,
          "2006": 0,
          "2007": 0,
          "2008": 0,
          "2009": 0,
          "2010": 0,
          "2011": 1,
          "2012": 1,
          "2013": 1,
          "2014": 1,
        },
      }
    }
    key="1538681581552"
  />
  <Card
    data={
      Object {
        "location": "DE BEQUE 49JT",
        "stats": Object {
          "2004": 0,
          "2005": 0,
          "2006": 0.875,
          "2007": 0.923,
          "2008": 1,
          "2009": 1,
          "2010": 1,
          "2011": 1,
          "2012": 1,
          "2013": 1,
          "2014": 1,
        },
      }
    }
    key="1538681581575"
  />
  <Card
    data={
      Object {
        "location": "DEER TRAIL 26J",
        "stats": Object {
          "2004": 0,
          "2005": 0,
          "2006": 0,
          "2007": 1,
          "2008": 1,
          "2009": 1,
          "2010": 1,
          "2011": 1,
          "2012": 1,
          "2013": 1,
          "2014": 1,
        },
      }
    }
    key="1538681581598"
  />
  <Card
    data={
      Object {
        "location": "DEL NORTE C-7",
        "stats": Object {
          "2004": 0,
          "2005": 0,
          "2006": 1,
          "2007": 1,
          "2008": 1,
          "2009": 1,
          "2010": 0,
          "2011": 0,
          "2012": 0,
          "2013": 0,
          "2014": 1,
        },
      }
    }
    key="1538681581621"
  />
  <Card
    data={
      Object {
        "location": "DELTA COUNTY 50(J)",
        "stats": Object {
          "2004": 1,
          "2005": 0.951,
          "2006": 1,
          "2007": 1,
          "2008": 0.949,
          "2009": 0.96,
          "2010": 0.957,
          "2011": 0.908,
          "2012": 0.944,
          "2013": 0.941,
          "2014": 0.93,
        },
      }
    }
    key="1538681581644"
  />
  <Card
    data={
      Object {
        "location": "DENVER COUNTY 1",
        "stats": Object {
          "2004": 0.518,
          "2005": 0.632,
          "2006": 0.667,
          "2007": 0.722,
          "2008": 0.875,
          "2009": 0.93,
          "2010": 0.945,
          "2011": 0.948,
          "2012": 0.97,
          "2013": 0.993,
          "2014": 0.995,
        },
      }
    }
    key="1538681581667"
  />
  <Card
    data={
      Object {
        "location": "DOLORES COUNTY RE NO.2",
        "stats": Object {
          "2004": 0.929,
          "2005": 0,
          "2006": 0.84,
          "2007": 1,
          "2008": 1,
          "2009": 1,
          "2010": 1,
          "2011": 1,
          "2012": 1,
          "2013": 1,
          "2014": 1,
        },
      }
    }
    key="1538681581690"
  />
  <Card
    data={
      Object {
        "location": "DOLORES RE-4A",
        "stats": Object {
          "2004": 0,
          "2005": 0,
          "2006": 0,
          "2007": 0,
          "2008": 0.682,
          "2009": 0.93,
          "2010": 0.898,
          "2011": 0.911,
          "2012": 1,
          "2013": 1,
          "2014": 1,
        },
      }
    }
    key="1538681581713"
  />
  <Card
    data={
      Object {
        "location": "DOUGLAS COUNTY RE 1",
        "stats": Object {
          "2004": 0,
          "2005": 0,
          "2006": 0,
          "2007": 0,
          "2008": 0.013,
          "2009": 0.08,
          "2010": 0.257,
          "2011": 0.378,
          "2012": 0.418,
          "2013": 0.48,
          "2014": 0.508,
        },
      }
    }
    key="1538681581736"
  />
  <Card
    data={
      Object {
        "location": "DURANGO 9-R",
        "stats": Object {
          "2004": 0,
          "2005": 0,
          "2006": 0,
          "2007": 0.042,
          "2008": 1,
          "2009": 1,
          "2010": 1,
          "2011": 1,
          "2012": 1,
          "2013": 1,
          "2014": 1,
        },
      }
    }
    key="1538681581759"
  />
  <Card
    data={
      Object {
        "location": "EADS RE-1",
        "stats": Object {
          "2004": 1,
          "2005": 1,
          "2006": 1,
          "2007": 1,
          "2008": 1,
          "2009": 1,
          "2010": 1,
          "2011": 1,
          "2012": 1,
          "2013": 1,
          "2014": 1,
        },
      }
    }
    key="1538681581782"
  />
  <Card
    data={
      Object {
        "location": "EAGLE COUNTY RE 50",
        "stats": Object {
          "2004": 0.555,
          "2005": 0.932,
          "2006": 0.927,
          "2007": 0.943,
          "2008": 0.984,
          "2009": 0.96,
          "2010": 0.968,
          "2011": 0.967,
          "2012": 0.98,
          "2013": 0.958,
          "2014": 0.992,
        },
      }
    }
    key="1538681581805"
  />
  <Card
    data={
      Object {
        "location": "EAST GRAND 2",
        "stats": Object {
          "2004": 1,
          "2005": 1,
          "2006": 1,
          "2007": 1,
          "2008": 1,
          "2009": 1,
          "2010": 1,
          "2011": 1,
          "2012": 1,
          "2013": 1,
          "2014": 1,
        },
      }
    }
    key="1538681581828"
  />
  <Card
    data={
      Object {
        "location": "EAST OTERO R-1",
        "stats": Object {
          "2004": 0,
          "2005": 0,
          "2006": 0,
          "2007": 0,
          "2008": 1,
          "2009": 1,
          "2010": 1,
          "2011": 1,
          "2012": 1,
          "2013": 1,
          "2014": 1,
        },
      }
    }
    key="1538681581851"
  />
  <Card
    data={
      Object {
        "location": "EAST YUMA COUNTY RJ-2",
        "stats": Object {
          "2004": 0,
          "2005": 0,
          "2006": 0,
          "2007": 0,
          "2008": 0,
          "2009": 0,
          "2010": 0,
          "2011": 0,
          "2012": 0,
          "2013": 0,
          "2014": 0,
        },
      }
    }
    key="1538681581874"
  />
  <Card
    data={
      Object {
        "location": "EATON RE-2",
        "stats": Object {
          "2004": 0,
          "2005": 0,
          "2006": 0,
          "2007": 0.169,
          "2008": 1,
          "2009": 1,
          "2010": 1,
          "2011": 1,
          "2012": 1,
          "2013": 1,
          "2014": 1,
        },
      }
    }
    key="1538681581897"
  />
  <Card
    data={
      Object {
        "location": "EDISON 54 JT",
        "stats": Object {
          "2004": 0.4,
          "2005": 1,
          "2006": 1,
          "2007": 1,
          "2008": 1,
          "2009": 1,
          "2010": 0,
          "2011": 1,
          "2012": 1,
          "2013": 1,
          "2014": 1,
        },
      }
    }
    key="1538681581920"
  />
  <Card
    data={
      Object {
        "location": "ELBERT 200",
        "stats": Object {
          "2004": 0,
          "2005": 0,
          "2006": 0,
          "2007": 0,
          "2008": 1,
          "2009": 1,
          "2010": 1,
          "2011": 1,
          "2012": 1,
          "2013": 1,
          "2014": 1,
        },
      }
    }
    key="1538681581943"
  />
  <Card
    data={
      Object {
        "location": "ELIZABETH C-1",
        "stats": Object {
          "2004": 0,
          "2005": 0,
          "2006": 0,
          "2007": 0,
          "2008": 0,
          "2009": 0.01,
          "2010": 0.689,
          "2011": 1,
          "2012": 1,
          "2013": 1,
          "2014": 1,
        },
      }
    }
    key="1538681581967"
  />
  <Card
    data={
      Object {
        "location": "ELLICOTT 22",
        "stats": Object {
          "2004": 1,
          "2005": 1,
          "2006": 1,
          "2007": 1,
          "2008": 1,
          "2009": 1,
          "2010": 1,
          "2011": 1,
          "2012": 1,
          "2013": 1,
          "2014": 1,
        },
      }
    }
    key="1538681581990"
  />
  <Card
    data={
      Object {
        "location": "ENGLEWOOD 1",
        "stats": Object {
          "2004": 0.598,
          "2005": 0.642,
          "2006": 0.771,
          "2007": 0.726,
          "2008": 1,
          "2009": 1,
          "2010": 1,
          "2011": 1,
          "2012": 1,
          "2013": 1,
          "2014": 1,
        },
      }
    }
    key="1538681582013"
  />
  <Card
    data={
      Object {
        "location": "FALCON 49",
        "stats": Object {
          "2004": 0,
          "2005": 0,
          "2006": 0.083,
          "2007": 0.09,
          "2008": 0.484,
          "2009": 0.49,
          "2010": 0.497,
          "2011": 0.525,
          "2012": 0.829,
          "2013": 0.852,
          "2014": 0.871,
        },
      }
    }
    key="1538681582036"
  />
  <Card
    data={
      Object {
        "location": "FLORENCE RE-2",
        "stats": Object {
          "2004": 0,
          "2005": 0,
          "2006": 0,
          "2007": 0.143,
          "2008": 1,
          "2009": 1,
          "2010": 1,
          "2011": 1,
          "2012": 1,
          "2013": 1,
          "2014": 1,
        },
      }
    }
    key="1538681582059"
  />
  <Card
    data={
      Object {
        "location": "FORT MORGAN RE-3",
        "stats": Object {
          "2004": 0,
          "2005": 0,
          "2006": 0.562,
          "2007": 1,
          "2008": 1,
          "2009": 1,
          "2010": 1,
          "2011": 1,
          "2012": 1,
          "2013": 1,
          "2014": 1,
        },
      }
    }
    key="1538681582082"
  />
  <Card
    data={
      Object {
        "location": "FOUNTAIN 8",
        "stats": Object {
          "2004": 0,
          "2005": 0,
          "2006": 0.394,
          "2007": 0.384,
          "2008": 0.445,
          "2009": 0.59,
          "2010": 0.619,
          "2011": 0.654,
          "2012": 0.662,
          "2013": 1,
          "2014": 1,
        },
      }
    }
    key="1538681582105"
  />
  <Card
    data={
      Object {
        "location": "FOWLER R-4J",
        "stats": Object {
          "2004": 1,
          "2005": 1,
          "2006": 1,
          "2007": 1,
          "2008": 1,
          "2009": 1,
          "2010": 1,
          "2011": 1,
          "2012": 1,
          "2013": 1,
          "2014": 1,
        },
      }
    }
    key="1538681582128"
  />
  <Card
    data={
      Object {
        "location": "FRENCHMAN RE-3",
        "stats": Object {
          "2004": 1,
          "2005": 1,
          "2006": 1,
          "2007": 1,
          "2008": 1,
          "2009": 1,
          "2010": 1,
          "2011": 1,
          "2012": 1,
          "2013": 1,
          "2014": 1,
        },
      }
    }
    key="1538681582151"
  />
  <Card
    data={
      Object {
        "location": "GARFIELD 16",
        "stats": Object {
          "2004": 0,
          "2005": 0,
          "2006": 0,
          "2007": 0,
          "2008": 0.148,
          "2009": 0.45,
          "2010": 0.512,
          "2011": 0.577,
          "2012": 0.773,
          "2013": 0.838,
          "2014": 1,
        },
      }
    }
    key="1538681582174"
  />
  <Card
    data={
      Object {
        "location": "GARFIELD RE-2",
        "stats": Object {
          "2004": 0,
          "2005": 0,
          "2006": 0,
          "2007": 0,
          "2008": 0.549,
          "2009": 0.55,
          "2010": 0.635,
          "2011": 0.627,
          "2012": 0.62,
          "2013": 0.64,
          "2014": 0.63,
        },
      }
    }
    key="1538681582197"
  />
  <Card
    data={
      Object {
        "location": "GENOA-HUGO C113",
        "stats": Object {
          "2004": 0,
          "2005": 0,
          "2006": 0,
          "2007": 0,
          "2008": 1,
          "2009": 1,
          "2010": 1,
          "2011": 1,
          "2012": 1,
          "2013": 1,
          "2014": 1,
        },
      }
    }
    key="1538681582220"
  />
  <Card
    data={
      Object {
        "location": "GILPIN COUNTY RE-1",
        "stats": Object {
          "2004": 0.2,
          "2005": 0.138,
          "2006": 0.167,
          "2007": 0.724,
          "2008": 0.586,
          "2009": 0.87,
          "2010": 0.633,
          "2011": 0.795,
          "2012": 0.719,
          "2013": 0.816,
          "2014": 0.9,
        },
      }
    }
    key="1538681582243"
  />
  <Card
    data={
      Object {
        "location": "GRANADA RE-1",
        "stats": Object {
          "2004": 1,
          "2005": 1,
          "2006": 1,
          "2007": 1,
          "2008": 1,
          "2009": 1,
          "2010": 1,
          "2011": 1,
          "2012": 1,
          "2013": 1,
          "2014": 1,
        },
      }
    }
    key="1538681582266"
  />
  <Card
    data={
      Object {
        "location": "GREELEY 6",
        "stats": Object {
          "2004": 0,
          "2005": 0.042,
          "2006": 0.51,
          "2007": 0.059,
          "2008": 0.566,
          "2009": 0.55,
          "2010": 0.562,
          "2011": 0.531,
          "2012": 0.513,
          "2013": 0.533,
          "2014": 0.569,
        },
      }
    }
    key="1538681582289"
  />
  <Card
    data={
      Object {
        "location": "GUNNISON WATERSHED RE1J",
        "stats": Object {
          "2004": 0.144,
          "2005": 0.15,
          "2006": 0.135,
          "2007": 0.129,
          "2008": 0.634,
          "2009": 0.68,
          "2010": 0.662,
          "2011": 0.626,
          "2012": 0.708,
          "2013": 0,
          "2014": 0.821,
        },
      }
    }
    key="1538681582312"
  />
  <Card
    data={
      Object {
        "location": "HANOVER 28",
        "stats": Object {
          "2004": 0,
          "2005": 0,
          "2006": 1,
          "2007": 1,
          "2008": 1,
          "2009": 1,
          "2010": 1,
          "2011": 1,
          "2012": 1,
          "2013": 1,
          "2014": 1,
        },
      }
    }
    key="1538681582335"
  />
  <Card
    data={
      Object {
        "location": "HARRISON 2",
        "stats": Object {
          "2004": 0.065,
          "2005": 0.127,
          "2006": 0.131,
          "2007": 0.136,
          "2008": 0.944,
          "2009": 0.95,
          "2010": 0.963,
          "2011": 0.958,
          "2012": 0.966,
          "2013": 0.966,
          "2014": 0.969,
        },
      }
    }
    key="1538681582358"
  />
  <Card
    data={
      Object {
        "location": "HAXTUN RE-2J",
        "stats": Object {
          "2004": 0,
          "2005": 0,
          "2006": 0,
          "2007": 1,
          "2008": 1,
          "2009": 1,
          "2010": 1,
          "2011": 1,
          "2012": 1,
          "2013": 1,
          "2014": 1,
        },
      }
    }
    key="1538681582381"
  />
  <Card
    data={
      Object {
        "location": "HAYDEN RE-1",
        "stats": Object {
          "2004": 0,
          "2005": 0,
          "2006": 1,
          "2007": 0.966,
          "2008": 1,
          "2009": 1,
          "2010": 1,
          "2011": 1,
          "2012": 1,
          "2013": 1,
          "2014": 1,
        },
      }
    }
    key="1538681582404"
  />
  <Card
    data={
      Object {
        "location": "HINSDALE COUNTY RE 1",
        "stats": Object {
          "2004": 0,
          "2005": 0,
          "2006": 0,
          "2007": 0,
          "2008": 0,
          "2009": 1,
          "2010": 1,
          "2011": 1,
          "2012": 1,
          "2013": 1,
          "2014": 1,
        },
      }
    }
    key="1538681582427"
  />
  <Card
    data={
      Object {
        "location": "HI-PLAINS R-23",
        "stats": Object {
          "2004": 0,
          "2005": 0,
          "2006": 0,
          "2007": 0,
          "2008": 1,
          "2009": 1,
          "2010": 1,
          "2011": 0,
          "2012": 0,
          "2013": 1,
          "2014": 1,
        },
      }
    }
    key="1538681582450"
  />
  <Card
    data={
      Object {
        "location": "HOEHNE REORGANIZED 3",
        "stats": Object {
          "2004": 0,
          "2005": 0,
          "2006": 0,
          "2007": 0,
          "2008": 0,
          "2009": 1,
          "2010": 1,
          "2011": 1,
          "2012": 1,
          "2013": 1,
          "2014": 1,
        },
      }
    }
    key="1538681582473"
  />
  <Card
    data={
      Object {
        "location": "HOLLY RE-3",
        "stats": Object {
          "2004": 1,
          "2005": 1,
          "2006": 1,
          "2007": 1,
          "2008": 1,
          "2009": 1,
          "2010": 1,
          "2011": 1,
          "2012": 1,
          "2013": 1,
          "2014": 1,
        },
      }
    }
    key="1538681582496"
  />
  <Card
    data={
      Object {
        "location": "HOLYOKE RE-1J",
        "stats": Object {
          "2004": 0,
          "2005": 0,
          "2006": 0.947,
          "2007": 1,
          "2008": 1,
          "2009": 1,
          "2010": 1,
          "2011": 1,
          "2012": 1,
          "2013": 1,
          "2014": 1,
        },
      }
    }
    key="1538681582519"
  />
  <Card
    data={
      Object {
        "location": "HUERFANO RE-1",
        "stats": Object {
          "2004": 0,
          "2005": 0,
          "2006": 0,
          "2007": 0,
          "2008": 0,
          "2009": 0.91,
          "2010": 1,
          "2011": 0.821,
          "2012": 0.794,
          "2013": 1,
          "2014": 1,
        },
      }
    }
    key="1538681582542"
  />
  <Card
    data={
      Object {
        "location": "IDALIA SCHOOL DISTRICT RJ-3",
        "stats": Object {
          "2004": 0,
          "2005": 0,
          "2006": 1,
          "2007": 1,
          "2008": 1,
          "2009": 1,
          "2010": 1,
          "2011": 1,
          "2012": 1,
          "2013": 0,
          "2014": 1,
        },
      }
    }
    key="1538681582565"
  />
  <Card
    data={
      Object {
        "location": "IGNACIO 11 JT",
        "stats": Object {
          "2004": 1,
          "2005": 1,
          "2006": 1,
          "2007": 0.982,
          "2008": 1,
          "2009": 1,
          "2010": 1,
          "2011": 1,
          "2012": 1,
          "2013": 0.983,
          "2014": 1,
        },
      }
    }
    key="1538681582588"
  />
  <Card
    data={
      Object {
        "location": "JEFFERSON COUNTY R-1",
        "stats": Object {
          "2004": 0.29,
          "2005": 0.349,
          "2006": 0.397,
          "2007": 0.423,
          "2008": 0.613,
          "2009": 0.72,
          "2010": 0.717,
          "2011": 0.737,
          "2012": 0.729,
          "2013": 0.75,
          "2014": 0.76,
        },
      }
    }
    key="1538681582611"
  />
  <Card
    data={
      Object {
        "location": "JOHNSTOWN-MILLIKEN RE-5J",
        "stats": Object {
          "2004": 0,
          "2005": 0,
          "2006": 0,
          "2007": 0,
          "2008": 0,
          "2009": 0.1,
          "2010": 0.059,
          "2011": 0.07,
          "2012": 0.073,
          "2013": 0.052,
          "2014": 0.051,
        },
      }
    }
    key="1538681582634"
  />
  <Card
    data={
      Object {
        "location": "JULESBURG RE-1",
        "stats": Object {
          "2004": 0,
          "2005": 1,
          "2006": 1,
          "2007": 1,
          "2008": 1,
          "2009": 1,
          "2010": 1,
          "2011": 1,
          "2012": 1,
          "2013": 1,
          "2014": 1,
        },
      }
    }
    key="1538681582657"
  />
  <Card
    data={
      Object {
        "location": "KARVAL RE-23",
        "stats": Object {
          "2004": 1,
          "2005": 1,
          "2006": 1,
          "2007": 1,
          "2008": 1,
          "2009": 0.63,
          "2010": 0.286,
          "2011": 0.333,
          "2012": 0.75,
          "2013": 0.833,
          "2014": 1,
        },
      }
    }
    key="1538681582680"
  />
  <Card
    data={
      Object {
        "location": "KEENESBURG RE-3(J)",
        "stats": Object {
          "2004": 0.296,
          "2005": 0.343,
          "2006": 0.266,
          "2007": 0.303,
          "2008": 0.432,
          "2009": 0.3,
          "2010": 0.28,
          "2011": 0.24,
          "2012": 0.395,
          "2013": 0.558,
          "2014": 0.543,
        },
      }
    }
    key="1538681582703"
  />
  <Card
    data={
      Object {
        "location": "KIM REORGANIZED 88",
        "stats": Object {
          "2004": 1,
          "2005": 1,
          "2006": 1,
          "2007": 1,
          "2008": 1,
          "2009": 1,
          "2010": 1,
          "2011": 1,
          "2012": 1,
          "2013": 1,
          "2014": 1,
        },
      }
    }
    key="1538681582726"
  />
  <Card
    data={
      Object {
        "location": "KIOWA C-2",
        "stats": Object {
          "2004": 0,
          "2005": 0,
          "2006": 0,
          "2007": 0,
          "2008": 1,
          "2009": 1,
          "2010": 1,
          "2011": 1,
          "2012": 1,
          "2013": 1,
          "2014": 1,
        },
      }
    }
    key="1538681582749"
  />
  <Card
    data={
      Object {
        "location": "KIT CARSON R-1",
        "stats": Object {
          "2004": 0,
          "2005": 0,
          "2006": 0,
          "2007": 0.286,
          "2008": 1,
          "2009": 0,
          "2010": 0,
          "2011": 0,
          "2012": 0,
          "2013": 0,
          "2014": 0,
        },
      }
    }
    key="1538681582772"
  />
  <Card
    data={
      Object {
        "location": "LA VETA RE-2",
        "stats": Object {
          "2004": 0,
          "2005": 1,
          "2006": 0,
          "2007": 0,
          "2008": 1,
          "2009": 1,
          "2010": 1,
          "2011": 1,
          "2012": 1,
          "2013": 1,
          "2014": 1,
        },
      }
    }
    key="1538681582795"
  />
  <Card
    data={
      Object {
        "location": "LAKE COUNTY R-1",
        "stats": Object {
          "2004": 0.3,
          "2005": 0.333,
          "2006": 0.341,
          "2007": 0.286,
          "2008": 1,
          "2009": 1,
          "2010": 1,
          "2011": 1,
          "2012": 1,
          "2013": 1,
          "2014": 1,
        },
      }
    }
    key="1538681582818"
  />
  <Card
    data={
      Object {
        "location": "LAMAR RE-2",
        "stats": Object {
          "2004": 0.87,
          "2005": 1,
          "2006": 1,
          "2007": 1,
          "2008": 1,
          "2009": 1,
          "2010": 1,
          "2011": 1,
          "2012": 1,
          "2013": 1,
          "2014": 1,
        },
      }
    }
    key="1538681582841"
  />
  <Card
    data={
      Object {
        "location": "LAS ANIMAS RE-1",
        "stats": Object {
          "2004": 1,
          "2005": 1,
          "2006": 1,
          "2007": 1,
          "2008": 1,
          "2009": 1,
          "2010": 1,
          "2011": 1,
          "2012": 1,
          "2013": 1,
          "2014": 1,
        },
      }
    }
    key="1538681582864"
  />
  <Card
    data={
      Object {
        "location": "LEWIS-PALMER 38",
        "stats": Object {
          "2004": 0,
          "2005": 0,
          "2006": 0,
          "2007": 0,
          "2008": 0.479,
          "2009": 0.45,
          "2010": 0.535,
          "2011": 0.561,
          "2012": 0.477,
          "2013": 0.544,
          "2014": 0.558,
        },
      }
    }
    key="1538681582887"
  />
  <Card
    data={
      Object {
        "location": "LIBERTY SCHOOL DISTRICT J-4",
        "stats": Object {
          "2004": 1,
          "2005": 1,
          "2006": 1,
          "2007": 1,
          "2008": 1,
          "2009": 1,
          "2010": 1,
          "2011": 1,
          "2012": 1,
          "2013": 1,
          "2014": 1,
        },
      }
    }
    key="1538681582910"
  />
  <Card
    data={
      Object {
        "location": "LIMON RE-4J",
        "stats": Object {
          "2004": 0,
          "2005": 0,
          "2006": 0,
          "2007": 0,
          "2008": 0,
          "2009": 1,
          "2010": 1,
          "2011": 1,
          "2012": 1,
          "2013": 0,
          "2014": 0,
        },
      }
    }
    key="1538681582933"
  />
  <Card
    data={
      Object {
        "location": "LITTLETON 6",
        "stats": Object {
          "2004": 0,
          "2005": 0,
          "2006": 0,
          "2007": 0.605,
          "2008": 0.363,
          "2009": 0.33,
          "2010": 0.327,
          "2011": 0.334,
          "2012": 0.336,
          "2013": 0.38,
          "2014": 0.383,
        },
      }
    }
    key="1538681582956"
  />
  <Card
    data={
      Object {
        "location": "LONE STAR 101",
        "stats": Object {
          "2004": 1,
          "2005": 1,
          "2006": 1,
          "2007": 1,
          "2008": 1,
          "2009": 1,
          "2010": 1,
          "2011": 1,
          "2012": 1,
          "2013": 1,
          "2014": 1,
        },
      }
    }
    key="1538681582979"
  />
  <Card
    data={
      Object {
        "location": "MANCOS RE-6",
        "stats": Object {
          "2004": 0,
          "2005": 1,
          "2006": 1,
          "2007": 1,
          "2008": 1,
          "2009": 1,
          "2010": 0.955,
          "2011": 1,
          "2012": 1,
          "2013": 1,
          "2014": 1,
        },
      }
    }
    key="1538681583002"
  />
  <Card
    data={
      Object {
        "location": "MANITOU SPRINGS 14",
        "stats": Object {
          "2004": 0.014,
          "2005": 0.296,
          "2006": 0.459,
          "2007": 1,
          "2008": 1,
          "2009": 1,
          "2010": 1,
          "2011": 1,
          "2012": 1,
          "2013": 1,
          "2014": 1,
        },
      }
    }
    key="1538681583025"
  />
  <Card
    data={
      Object {
        "location": "MANZANOLA 3J",
        "stats": Object {
          "2004": 0.952,
          "2005": 0.929,
          "2006": 1,
          "2007": 1,
          "2008": 1,
          "2009": 1,
          "2010": 1,
          "2011": 1,
          "2012": 1,
          "2013": 1,
          "2014": 1,
        },
      }
    }
    key="1538681583048"
  />
  <Card
    data={
      Object {
        "location": "MAPLETON 1",
        "stats": Object {
          "2004": 0.067,
          "2005": 0.066,
          "2006": 0.064,
          "2007": 0.068,
          "2008": 0.349,
          "2009": 0.46,
          "2010": 0.596,
          "2011": 0.773,
          "2012": 0.83,
          "2013": 1,
          "2014": 1,
        },
      }
    }
    key="1538681583071"
  />
  <Card
    data={
      Object {
        "location": "MC CLAVE RE-2",
        "stats": Object {
          "2004": 0,
          "2005": 1,
          "2006": 1,
          "2007": 1,
          "2008": 1,
          "2009": 1,
          "2010": 1,
          "2011": 1,
          "2012": 1,
          "2013": 1,
          "2014": 1,
        },
      }
    }
    key="1538681583094"
  />
  <Card
    data={
      Object {
        "location": "MEEKER RE1",
        "stats": Object {
          "2004": 0,
          "2005": 0,
          "2006": 0,
          "2007": 0,
          "2008": 0,
          "2009": 0,
          "2010": 0.875,
          "2011": 0,
          "2012": 0,
          "2013": 0,
          "2014": 0,
        },
      }
    }
    key="1538681583117"
  />
  <Card
    data={
      Object {
        "location": "MESA COUNTY VALLEY 51",
        "stats": Object {
          "2004": 0.307,
          "2005": 0.305,
          "2006": 0.255,
          "2007": 0.245,
          "2008": 0.262,
          "2009": 0.18,
          "2010": 0.182,
          "2011": 0.224,
          "2012": 0.198,
          "2013": 0.179,
          "2014": 0.482,
        },
      }
    }
    key="1538681583140"
  />
  <Card
    data={
      Object {
        "location": "MIAMI/YODER 60 JT",
        "stats": Object {
          "2004": 1,
          "2005": 1,
          "2006": 1,
          "2007": 1,
          "2008": 1,
          "2009": 1,
          "2010": 1,
          "2011": 1,
          "2012": 1,
          "2013": 1,
          "2014": 1,
        },
      }
    }
    key="1538681583163"
  />
  <Card
    data={
      Object {
        "location": "MOFFAT 2",
        "stats": Object {
          "2004": 0.014,
          "2005": 0.08,
          "2006": 0.081,
          "2007": 0.085,
          "2008": 0.129,
          "2009": 1,
          "2010": 1,
          "2011": 1,
          "2012": 1,
          "2013": 1,
          "2014": 1,
        },
      }
    }
    key="1538681583186"
  />
  <Card
    data={
      Object {
        "location": "MOFFAT COUNTY RE:NO 1",
        "stats": Object {
          "2004": 0,
          "2005": 0,
          "2006": 0,
          "2007": 0,
          "2008": 1,
          "2009": 0.99,
          "2010": 1,
          "2011": 0.995,
          "2012": 1,
          "2013": 1,
          "2014": 1,
        },
      }
    }
    key="1538681583209"
  />
  <Card
    data={
      Object {
        "location": "MONTE VISTA C-8",
        "stats": Object {
          "2004": 1,
          "2005": 1,
          "2006": 1,
          "2007": 1,
          "2008": 1,
          "2009": 1,
          "2010": 1,
          "2011": 1,
          "2012": 1,
          "2013": 1,
          "2014": 1,
        },
      }
    }
    key="1538681583232"
  />
  <Card
    data={
      Object {
        "location": "MONTEZUMA-CORTEZ RE-1",
        "stats": Object {
          "2004": 0,
          "2005": 0,
          "2006": 0,
          "2007": 0,
          "2008": 0.082,
          "2009": 0.11,
          "2010": 0.095,
          "2011": 0.105,
          "2012": 0.096,
          "2013": 0.106,
          "2014": 0.41,
        },
      }
    }
    key="1538681583255"
  />
  <Card
    data={
      Object {
        "location": "MONTROSE COUNTY RE-1J",
        "stats": Object {
          "2004": 0,
          "2005": 0,
          "2006": 0,
          "2007": 0.057,
          "2008": 0.182,
          "2009": 0.27,
          "2010": 0.317,
          "2011": 0.461,
          "2012": 0.525,
          "2013": 0.593,
          "2014": 0.776,
        },
      }
    }
    key="1538681583278"
  />
  <Card
    data={
      Object {
        "location": "MOUNTAIN VALLEY RE 1",
        "stats": Object {
          "2004": 1,
          "2005": 1,
          "2006": 0,
          "2007": 1,
          "2008": 1,
          "2009": 1,
          "2010": 1,
          "2011": 1,
          "2012": 1,
          "2013": 1,
          "2014": 1,
        },
      }
    }
    key="1538681583301"
  />
  <Card
    data={
      Object {
        "location": "NORTH CONEJOS RE-1J",
        "stats": Object {
          "2004": 1,
          "2005": 0,
          "2006": 0,
          "2007": 0.273,
          "2008": 0,
          "2009": 1,
          "2010": 1,
          "2011": 1,
          "2012": 1,
          "2013": 1,
          "2014": 1,
        },
      }
    }
    key="1538681583324"
  />
  <Card
    data={
      Object {
        "location": "NORTH PARK R-1",
        "stats": Object {
          "2004": 1,
          "2005": 1,
          "2006": 1,
          "2007": 1,
          "2008": 0.684,
          "2009": 0.94,
          "2010": 0.857,
          "2011": 0.9,
          "2012": 0.938,
          "2013": 1,
          "2014": 1,
        },
      }
    }
    key="1538681583347"
  />
  <Card
    data={
      Object {
        "location": "NORTHGLENN-THORNTON 12",
        "stats": Object {
          "2004": 0.329,
          "2005": 0.35,
          "2006": 0.403,
          "2007": 0.398,
          "2008": 0.478,
          "2009": 0.42,
          "2010": 0.468,
          "2011": 0.507,
          "2012": 0.583,
          "2013": 0.605,
          "2014": 0.602,
        },
      }
    }
    key="1538681583370"
  />
  <Card
    data={
      Object {
        "location": "NORWOOD R-2J",
        "stats": Object {
          "2004": 0,
          "2005": 0,
          "2006": 0,
          "2007": 0,
          "2008": 0,
          "2009": 0.7,
          "2010": 0,
          "2011": 0,
          "2012": 0,
          "2013": 0,
          "2014": 1,
        },
      }
    }
    key="1538681583393"
  />
  <Card
    data={
      Object {
        "location": "OTIS R-3",
        "stats": Object {
          "2004": 1,
          "2005": 1,
          "2006": 1,
          "2007": 1,
          "2008": 1,
          "2009": 1,
          "2010": 1,
          "2011": 1,
          "2012": 1,
          "2013": 1,
          "2014": 1,
        },
      }
    }
    key="1538681583416"
  />
  <Card
    data={
      Object {
        "location": "OURAY R-1",
        "stats": Object {
          "2004": 0,
          "2005": 0,
          "2006": 0,
          "2007": 1,
          "2008": 1,
          "2009": 1,
          "2010": 1,
          "2011": 1,
          "2012": 1,
          "2013": 1,
          "2014": 1,
        },
      }
    }
    key="1538681583439"
  />
  <Card
    data={
      Object {
        "location": "PARK (ESTES PARK) R-3",
        "stats": Object {
          "2004": 0.462,
          "2005": 0,
          "2006": 0,
          "2007": 1,
          "2008": 1,
          "2009": 1,
          "2010": 1,
          "2011": 1,
          "2012": 1,
          "2013": 1,
          "2014": 0.966,
        },
      }
    }
    key="1538681583462"
  />
  <Card
    data={
      Object {
        "location": "PARK COUNTY RE-2",
        "stats": Object {
          "2004": 0.339,
          "2005": 0,
          "2006": 0,
          "2007": 0.204,
          "2008": 0.264,
          "2009": 0.36,
          "2010": 0.19,
          "2011": 0.357,
          "2012": 0.308,
          "2013": 0.438,
          "2014": 0.625,
        },
      }
    }
    key="1538681583485"
  />
  <Card
    data={
      Object {
        "location": "PAWNEE RE-12",
        "stats": Object {
          "2004": 0,
          "2005": 0,
          "2006": 1,
          "2007": 1,
          "2008": 0,
          "2009": 1,
          "2010": 1,
          "2011": 1,
          "2012": 1,
          "2013": 1,
          "2014": 1,
        },
      }
    }
    key="1538681583508"
  />
  <Card
    data={
      Object {
        "location": "PEYTON 23 JT",
        "stats": Object {
          "2004": 0,
          "2005": 0,
          "2006": 0,
          "2007": 1,
          "2008": 1,
          "2009": 1,
          "2010": 1,
          "2011": 1,
          "2012": 1,
          "2013": 1,
          "2014": 1,
        },
      }
    }
    key="1538681583531"
  />
  <Card
    data={
      Object {
        "location": "PLAINVIEW RE-2",
        "stats": Object {
          "2004": 0,
          "2005": 0,
          "2006": 1,
          "2007": 1,
          "2008": 1,
          "2009": 1,
          "2010": 1,
          "2011": 1,
          "2012": 1,
          "2013": 1,
          "2014": 1,
        },
      }
    }
    key="1538681583554"
  />
  <Card
    data={
      Object {
        "location": "PLATEAU RE-5",
        "stats": Object {
          "2004": 1,
          "2005": 0,
          "2006": 1,
          "2007": 1,
          "2008": 1,
          "2009": 1,
          "2010": 1,
          "2011": 1,
          "2012": 1,
          "2013": 1,
          "2014": 1,
        },
      }
    }
    key="1538681583577"
  />
  <Card
    data={
      Object {
        "location": "PLATEAU VALLEY 50",
        "stats": Object {
          "2004": 0,
          "2005": 0,
          "2006": 0,
          "2007": 0,
          "2008": 0,
          "2009": 1,
          "2010": 1,
          "2011": 1,
          "2012": 1,
          "2013": 1,
          "2014": 1,
        },
      }
    }
    key="1538681583600"
  />
  <Card
    data={
      Object {
        "location": "PLATTE CANYON 1",
        "stats": Object {
          "2004": 0.229,
          "2005": 0.247,
          "2006": 0.787,
          "2007": 0.423,
          "2008": 0.989,
          "2009": 1,
          "2010": 1,
          "2011": 1,
          "2012": 1,
          "2013": 1,
          "2014": 1,
        },
      }
    }
    key="1538681583623"
  />
  <Card
    data={
      Object {
        "location": "PLATTE VALLEY RE-3",
        "stats": Object {
          "2004": 0,
          "2005": 0,
          "2006": 1,
          "2007": 1,
          "2008": 1,
          "2009": 1,
          "2010": 1,
          "2011": 1,
          "2012": 1,
          "2013": 1,
          "2014": 1,
        },
      }
    }
    key="1538681583647"
  />
  <Card
    data={
      Object {
        "location": "PLATTE VALLEY RE-7",
        "stats": Object {
          "2004": 0,
          "2005": 0,
          "2006": 1,
          "2007": 1,
          "2008": 1,
          "2009": 1,
          "2010": 1,
          "2011": 1,
          "2012": 1,
          "2013": 1,
          "2014": 1,
        },
      }
    }
    key="1538681583670"
  />
  <Card
    data={
      Object {
        "location": "POUDRE R-1",
        "stats": Object {
          "2004": 0,
          "2005": 0.484,
          "2006": 0.474,
          "2007": 0.521,
          "2008": 0.587,
          "2009": 0.65,
          "2010": 0.661,
          "2011": 0.695,
          "2012": 0.706,
          "2013": 0.732,
          "2014": 0.762,
        },
      }
    }
    key="1538681583693"
  />
  <Card
    data={
      Object {
        "location": "PRAIRIE RE-11",
        "stats": Object {
          "2004": 1,
          "2005": 0,
          "2006": 0,
          "2007": 1,
          "2008": 1,
          "2009": 0,
          "2010": 0,
          "2011": 0,
          "2012": 0,
          "2013": 0,
          "2014": 0,
        },
      }
    }
    key="1538681583716"
  />
  <Card
    data={
      Object {
        "location": "PRIMERO REORGANIZED 2",
        "stats": Object {
          "2004": 0,
          "2005": 0,
          "2006": 0,
          "2007": 0,
          "2008": 0,
          "2009": 1,
          "2010": 1,
          "2011": 1,
          "2012": 1,
          "2013": 1,
          "2014": 1,
        },
      }
    }
    key="1538681583739"
  />
  <Card
    data={
      Object {
        "location": "PRITCHETT RE-3",
        "stats": Object {
          "2004": 1,
          "2005": 1,
          "2006": 1,
          "2007": 1,
          "2008": 0,
          "2009": 1,
          "2010": 1,
          "2011": 1,
          "2012": 1,
          "2013": 1,
          "2014": 1,
        },
      }
    }
    key="1538681583762"
  />
  <Card
    data={
      Object {
        "location": "PUEBLO CITY 60",
        "stats": Object {
          "2004": 0.275,
          "2005": 0.335,
          "2006": 0.482,
          "2007": 0.621,
          "2008": 0.841,
          "2009": 0.85,
          "2010": 0.954,
          "2011": 0.961,
          "2012": 1,
          "2013": 1,
          "2014": 1,
        },
      }
    }
    key="1538681583785"
  />
  <Card
    data={
      Object {
        "location": "PUEBLO COUNTY RURAL 70",
        "stats": Object {
          "2004": 0,
          "2005": 0.063,
          "2006": 0.174,
          "2007": 0.252,
          "2008": 0.268,
          "2009": 0.4,
          "2010": 0.289,
          "2011": 0.453,
          "2012": 0.997,
          "2013": 1,
          "2014": 1,
        },
      }
    }
    key="1538681583808"
  />
  <Card
    data={
      Object {
        "location": "RANGELY RE-4",
        "stats": Object {
          "2004": 0,
          "2005": 0,
          "2006": 0,
          "2007": 0,
          "2008": 0,
          "2009": 0,
          "2010": 0,
          "2011": 0,
          "2012": 0,
          "2013": 0,
          "2014": 0,
        },
      }
    }
    key="1538681583831"
  />
  <Card
    data={
      Object {
        "location": "RIDGWAY R-2",
        "stats": Object {
          "2004": 0,
          "2005": 0,
          "2006": 1,
          "2007": 1,
          "2008": 1,
          "2009": 1,
          "2010": 0.931,
          "2011": 0.92,
          "2012": 0.824,
          "2013": 0.957,
          "2014": 0.714,
        },
      }
    }
    key="1538681583854"
  />
  <Card
    data={
      Object {
        "location": "ROARING FORK RE-1",
        "stats": Object {
          "2004": 0.672,
          "2005": 0.619,
          "2006": 0.693,
          "2007": 0.744,
          "2008": 0.77,
          "2009": 0.72,
          "2010": 0.674,
          "2011": 0.667,
          "2012": 0.697,
          "2013": 0.823,
          "2014": 0.88,
        },
      }
    }
    key="1538681583877"
  />
  <Card
    data={
      Object {
        "location": "ROCKY FORD R-2",
        "stats": Object {
          "2004": 0.172,
          "2005": 1,
          "2006": 1,
          "2007": 1,
          "2008": 1,
          "2009": 1,
          "2010": 1,
          "2011": 1,
          "2012": 1,
          "2013": 1,
          "2014": 1,
        },
      }
    }
    key="1538681583900"
  />
  <Card
    data={
      Object {
        "location": "SALIDA R-32",
        "stats": Object {
          "2004": 0.222,
          "2005": 0.246,
          "2006": 0.367,
          "2007": 0.523,
          "2008": 0.707,
          "2009": 0.6,
          "2010": 0.645,
          "2011": 0.56,
          "2012": 0.976,
          "2013": 0.968,
          "2014": 0.98,
        },
      }
    }
    key="1538681583923"
  />
  <Card
    data={
      Object {
        "location": "SANFORD 6J",
        "stats": Object {
          "2004": 1,
          "2005": 1,
          "2006": 1,
          "2007": 1,
          "2008": 1,
          "2009": 1,
          "2010": 1,
          "2011": 1,
          "2012": 1,
          "2013": 1,
          "2014": 1,
        },
      }
    }
    key="1538681583946"
  />
  <Card
    data={
      Object {
        "location": "SANGRE DE CRISTO RE-22J",
        "stats": Object {
          "2004": 1,
          "2005": 1,
          "2006": 1,
          "2007": 1,
          "2008": 1,
          "2009": 1,
          "2010": 1,
          "2011": 1,
          "2012": 1,
          "2013": 1,
          "2014": 1,
        },
      }
    }
    key="1538681583969"
  />
  <Card
    data={
      Object {
        "location": "SARGENT RE-33J",
        "stats": Object {
          "2004": 1,
          "2005": 1,
          "2006": 1,
          "2007": 1,
          "2008": 1,
          "2009": 1,
          "2010": 1,
          "2011": 1,
          "2012": 1,
          "2013": 1,
          "2014": 1,
        },
      }
    }
    key="1538681583992"
  />
  <Card
    data={
      Object {
        "location": "SHERIDAN 2",
        "stats": Object {
          "2004": 1,
          "2005": 1,
          "2006": 1,
          "2007": 1,
          "2008": 1,
          "2009": 1,
          "2010": 1,
          "2011": 1,
          "2012": 1,
          "2013": 1,
          "2014": 1,
        },
      }
    }
    key="1538681584015"
  />
  <Card
    data={
      Object {
        "location": "SIERRA GRANDE R-30",
        "stats": Object {
          "2004": 1,
          "2005": 1,
          "2006": 1,
          "2007": 1,
          "2008": 1,
          "2009": 1,
          "2010": 1,
          "2011": 1,
          "2012": 1,
          "2013": 1,
          "2014": 1,
        },
      }
    }
    key="1538681584038"
  />
  <Card
    data={
      Object {
        "location": "SILVERTON 1",
        "stats": Object {
          "2004": 0,
          "2005": 0,
          "2006": 0,
          "2007": 0,
          "2008": 1,
          "2009": 0,
          "2010": 0,
          "2011": 0,
          "2012": 0,
          "2013": 0,
          "2014": 0,
        },
      }
    }
    key="1538681584061"
  />
  <Card
    data={
      Object {
        "location": "SOUTH CONEJOS RE-10",
        "stats": Object {
          "2004": 1,
          "2005": 1,
          "2006": 1,
          "2007": 1,
          "2008": 1,
          "2009": 1,
          "2010": 1,
          "2011": 1,
          "2012": 1,
          "2013": 1,
          "2014": 1,
        },
      }
    }
    key="1538681584084"
  />
  <Card
    data={
      Object {
        "location": "SOUTH ROUTT RE 3",
        "stats": Object {
          "2004": 1,
          "2005": 1,
          "2006": 1,
          "2007": 1,
          "2008": 1,
          "2009": 1,
          "2010": 1,
          "2011": 1,
          "2012": 1,
          "2013": 1,
          "2014": 1,
        },
      }
    }
    key="1538681584107"
  />
  <Card
    data={
      Object {
        "location": "SPRINGFIELD RE-4",
        "stats": Object {
          "2004": 1,
          "2005": 1,
          "2006": 0,
          "2007": 1,
          "2008": 1,
          "2009": 1,
          "2010": 1,
          "2011": 1,
          "2012": 1,
          "2013": 1,
          "2014": 1,
        },
      }
    }
    key="1538681584130"
  />
  <Card
    data={
      Object {
        "location": "ST VRAIN VALLEY RE 1J",
        "stats": Object {
          "2004": 0.182,
          "2005": 0.221,
          "2006": 0.267,
          "2007": 0.384,
          "2008": 0.493,
          "2009": 0.57,
          "2010": 0.616,
          "2011": 0.641,
          "2012": 0.618,
          "2013": 0.639,
          "2014": 0.669,
        },
      }
    }
    key="1538681584153"
  />
  <Card
    data={
      Object {
        "location": "STEAMBOAT SPRINGS RE-2",
        "stats": Object {
          "2004": 0,
          "2005": 0,
          "2006": 0,
          "2007": 0,
          "2008": 0.506,
          "2009": 0.88,
          "2010": 0.789,
          "2011": 0.842,
          "2012": 0.826,
          "2013": 0.805,
          "2014": 0.911,
        },
      }
    }
    key="1538681584176"
  />
  <Card
    data={
      Object {
        "location": "STRASBURG 31J",
        "stats": Object {
          "2004": 0.016,
          "2005": 0,
          "2006": 0,
          "2007": 1,
          "2008": 1,
          "2009": 1,
          "2010": 1,
          "2011": 1,
          "2012": 1,
          "2013": 1,
          "2014": 1,
        },
      }
    }
    key="1538681584199"
  />
  <Card
    data={
      Object {
        "location": "STRATTON R-4",
        "stats": Object {
          "2004": 0.353,
          "2005": 1,
          "2006": 0.087,
          "2007": 0,
          "2008": 1,
          "2009": 1,
          "2010": 1,
          "2011": 1,
          "2012": 1,
          "2013": 1,
          "2014": 1,
        },
      }
    }
    key="1538681584222"
  />
  <Card
    data={
      Object {
        "location": "SUMMIT RE-1",
        "stats": Object {
          "2004": 0.619,
          "2005": 0.85,
          "2006": 0.833,
          "2007": 0.891,
          "2008": 1,
          "2009": 1,
          "2010": 1,
          "2011": 1,
          "2012": 0.996,
          "2013": 1,
          "2014": 1,
        },
      }
    }
    key="1538681584245"
  />
  <Card
    data={
      Object {
        "location": "SWINK 33",
        "stats": Object {
          "2004": 0,
          "2005": 0,
          "2006": 0,
          "2007": 0,
          "2008": 0,
          "2009": 0,
          "2010": 0,
          "2011": 1,
          "2012": 1,
          "2013": 1,
          "2014": 1,
        },
      }
    }
    key="1538681584268"
  />
  <Card
    data={
      Object {
        "location": "TELLURIDE R-1",
        "stats": Object {
          "2004": 0,
          "2005": 0,
          "2006": 0,
          "2007": 0,
          "2008": 0,
          "2009": 1,
          "2010": 1,
          "2011": 1,
          "2012": 1,
          "2013": 0,
          "2014": 0.164,
        },
      }
    }
    key="1538681584291"
  />
  <Card
    data={
      Object {
        "location": "THOMPSON R-2J",
        "stats": Object {
          "2004": 0.197,
          "2005": 0.151,
          "2006": 0.146,
          "2007": 0.325,
          "2008": 0.274,
          "2009": 0.3,
          "2010": 0.281,
          "2011": 0.403,
          "2012": 0.433,
          "2013": 0.534,
          "2014": 0.569,
        },
      }
    }
    key="1538681584314"
  />
  <Card
    data={
      Object {
        "location": "TRINIDAD 1",
        "stats": Object {
          "2004": 1,
          "2005": 1,
          "2006": 1,
          "2007": 1,
          "2008": 1,
          "2009": 1,
          "2010": 1,
          "2011": 1,
          "2012": 1,
          "2013": 1,
          "2014": 1,
        },
      }
    }
    key="1538681584337"
  />
  <Card
    data={
      Object {
        "location": "VALLEY RE-1",
        "stats": Object {
          "2004": 0,
          "2005": 0,
          "2006": 0,
          "2007": 0,
          "2008": 0,
          "2009": 0,
          "2010": 0.058,
          "2011": 0.09,
          "2012": 0.446,
          "2013": 0.544,
          "2014": 0.497,
        },
      }
    }
    key="1538681584360"
  />
  <Card
    data={
      Object {
        "location": "VILAS RE-5",
        "stats": Object {
          "2004": 1,
          "2005": 1,
          "2006": 1,
          "2007": 1,
          "2008": 1,
          "2009": 1,
          "2010": 1,
          "2011": 1,
          "2012": 1,
          "2013": 1,
          "2014": 1,
        },
      }
    }
    key="1538681584383"
  />
  <Card
    data={
      Object {
        "location": "WALSH RE-1",
        "stats": Object {
          "2004": 1,
          "2005": 1,
          "2006": 1,
          "2007": 1,
          "2008": 1,
          "2009": 1,
          "2010": 1,
          "2011": 1,
          "2012": 1,
          "2013": 1,
          "2014": 1,
        },
      }
    }
    key="1538681584406"
  />
  <Card
    data={
      Object {
        "location": "WELD COUNTY RE-1",
        "stats": Object {
          "2004": 1,
          "2005": 1,
          "2006": 1,
          "2007": 1,
          "2008": 1,
          "2009": 1,
          "2010": 1,
          "2011": 1,
          "2012": 1,
          "2013": 1,
          "2014": 1,
        },
      }
    }
    key="1538681584429"
  />
  <Card
    data={
      Object {
        "location": "WELD COUNTY S/D RE-8",
        "stats": Object {
          "2004": 0,
          "2005": 0.19,
          "2006": 0.13,
          "2007": 0.288,
          "2008": 0.686,
          "2009": 1,
          "2010": 1,
          "2011": 1,
          "2012": 1,
          "2013": 1,
          "2014": 1,
        },
      }
    }
    key="1538681584452"
  />
  <Card
    data={
      Object {
        "location": "WELDON VALLEY RE-20(J)",
        "stats": Object {
          "2004": 1,
          "2005": 1,
          "2006": 1,
          "2007": 1,
          "2008": 1,
          "2009": 1,
          "2010": 1,
          "2011": 1,
          "2012": 1,
          "2013": 0,
          "2014": 0,
        },
      }
    }
    key="1538681584475"
  />
  <Card
    data={
      Object {
        "location": "WEST END RE-2",
        "stats": Object {
          "2004": 0.118,
          "2005": 0.19,
          "2006": 0.2,
          "2007": 0.042,
          "2008": 0.115,
          "2009": 0.24,
          "2010": 0.143,
          "2011": 0.19,
          "2012": 1,
          "2013": 1,
          "2014": 1,
        },
      }
    }
    key="1538681584498"
  />
  <Card
    data={
      Object {
        "location": "WEST GRAND 1-JT",
        "stats": Object {
          "2004": 1,
          "2005": 1,
          "2006": 1,
          "2007": 1,
          "2008": 1,
          "2009": 1,
          "2010": 1,
          "2011": 1,
          "2012": 1,
          "2013": 1,
          "2014": 1,
        },
      }
    }
    key="1538681584521"
  />
  <Card
    data={
      Object {
        "location": "WEST YUMA COUNTY RJ-1",
        "stats": Object {
          "2004": 0,
          "2005": 0,
          "2006": 0,
          "2007": 0,
          "2008": 0,
          "2009": 0,
          "2010": 0,
          "2011": 0,
          "2012": 0,
          "2013": 0,
          "2014": 0,
        },
      }
    }
    key="1538681584544"
  />
  <Card
    data={
      Object {
        "location": "WESTMINSTER 50",
        "stats": Object {
          "2004": 0,
          "2005": 0,
          "2006": 0,
          "2007": 0.044,
          "2008": 0,
          "2009": 0.91,
          "2010": 0.915,
          "2011": 0.993,
          "2012": 1,
          "2013": 1,
          "2014": 1,
        },
      }
    }
    key="1538681584567"
  />
  <Card
    data={
      Object {
        "location": "WIDEFIELD 3",
        "stats": Object {
          "2004": 0.487,
          "2005": 0.458,
          "2006": 0.471,
          "2007": 0.498,
          "2008": 0.996,
          "2009": 1,
          "2010": 1,
          "2011": 1,
          "2012": 0.996,
          "2013": 0.999,
          "2014": 0.995,
        },
      }
    }
    key="1538681584590"
  />
  <Card
    data={
      Object {
        "location": "WIGGINS RE-50(J)",
        "stats": Object {
          "2004": 1,
          "2005": 1,
          "2006": 1,
          "2007": 1,
          "2008": 1,
          "2009": 1,
          "2010": 1,
          "2011": 1,
          "2012": 1,
          "2013": 1,
          "2014": 1,
        },
      }
    }
    key="1538681584613"
  />
  <Card
    data={
      Object {
        "location": "WILEY RE-13 JT",
        "stats": Object {
          "2004": 0.375,
          "2005": 1,
          "2006": 1,
          "2007": 1,
          "2008": 1,
          "2009": 1,
          "2010": 1,
          "2011": 1,
          "2012": 1,
          "2013": 1,
          "2014": 1,
        },
      }
    }
    key="1538681584636"
  />
  <Card
    data={
      Object {
        "location": "WINDSOR RE-4",
        "stats": Object {
          "2004": 0,
          "2005": 0,
          "2006": 0,
          "2007": 0.076,
          "2008": 0.463,
          "2009": 0.56,
          "2010": 0.51,
          "2011": 0.5,
          "2012": 0.501,
          "2013": 0.548,
          "2014": 0.547,
        },
      }
    }
    key="1538681584659"
  />
  <Card
    data={
      Object {
        "location": "WOODLAND PARK RE-2",
        "stats": Object {
          "2004": 0,
          "2005": 0.006,
          "2006": 0,
          "2007": 0,
          "2008": 0,
          "2009": 1,
          "2010": 1,
          "2011": 1,
          "2012": 1,
          "2013": 1,
          "2014": 1,
        },
      }
    }
    key="1538681584682"
  />
  <Card
    data={
      Object {
        "location": "WOODLIN R-104",
        "stats": Object {
          "2004": 1,
          "2005": 0.714,
          "2006": 1,
          "2007": 1,
          "2008": 1,
          "2009": 1,
          "2010": 1,
          "2011": 1,
          "2012": 1,
          "2013": 1,
          "2014": 1,
        },
      }
    }
    key="1538681584705"
  />
  <Card
    data={
      Object {
        "location": "WRAY SCHOOL DISTRICT RD-2",
        "stats": Object {
          "2004": 1,
          "2005": 1,
          "2006": 1,
          "2007": 1,
          "2008": 1,
          "2009": 1,
          "2010": 1,
          "2011": 1,
          "2012": 1,
          "2013": 1,
          "2014": 1,
        },
      }
    }
    key="1538681584728"
  />
  <Card
    data={
      Object {
        "location": "YUMA SCHOOL DISTRICT 1",
        "stats": Object {
          "2004": 0,
          "2005": 1,
          "2006": 1,
          "2007": 1,
          "2008": 1,
          "2009": 1,
          "2010": 1,
          "2011": 1,
          "2012": 1,
          "2013": 1,
          "2014": 1,
        },
      }
    }
    key="1538681584751"
  />
</div>
`;
