// Jest Snapshot v1, https://goo.gl/fbAQLP

exports[`Card should match the snapshot 1`] = `
ShallowWrapper {
  "length": 1,
  Symbol(enzyme.__root__): [Circular],
  Symbol(enzyme.__unrendered__): <Card
    location="COLORADO"
    selectLocation={[Function]}
    selectedLocations={
        Array [
            Object {
              "location": "COLORADO",
              "stats": Object {
                "2016": 0.45,
                "2017": 0.34,
              },
            },
            Object {
              "location": "COLORADO SPRINGS",
              "stats": Object {
                "2016": 0.45,
                "2017": 0.34,
              },
            },
          ]
    }
    stats={
        Object {
            "2017": 0,
          }
    }
/>,
  Symbol(enzyme.__renderer__): Object {
    "batchedUpdates": [Function],
    "getNode": [Function],
    "render": [Function],
    "simulateEvent": [Function],
    "unmount": [Function],
  },
  Symbol(enzyme.__node__): Object {
    "instance": null,
    "key": undefined,
    "nodeType": "host",
    "props": Object {
      "children": Array [
        <header>
          <h3>
                    COLORADO
          </h3>
</header>,
        <ul>
          <li
                    className="red"
          >
                    2017
                    : 
                    0
                     %
          </li>
</ul>,
      ],
      "className": "district selected",
      "id": undefined,
      "onClick": [Function],
    },
    "ref": null,
    "rendered": Array [
      Object {
        "instance": null,
        "key": undefined,
        "nodeType": "host",
        "props": Object {
          "children": <h3>
            COLORADO
</h3>,
        },
        "ref": null,
        "rendered": Object {
          "instance": null,
          "key": undefined,
          "nodeType": "host",
          "props": Object {
            "children": "COLORADO",
          },
          "ref": null,
          "rendered": "COLORADO",
          "type": "h3",
        },
        "type": "header",
      },
      Object {
        "instance": null,
        "key": undefined,
        "nodeType": "host",
        "props": Object {
          "children": Array [
            <li
              className="red"
>
              2017
              : 
              0
               %
</li>,
          ],
        },
        "ref": null,
        "rendered": Array [
          Object {
            "instance": null,
            "key": "0",
            "nodeType": "host",
            "props": Object {
              "children": Array [
                "2017",
                ": ",
                0,
                " %",
              ],
              "className": "red",
            },
            "ref": null,
            "rendered": Array [
              "2017",
              ": ",
              0,
              " %",
            ],
            "type": "li",
          },
        ],
        "type": "ul",
      },
    ],
    "type": "article",
  },
  Symbol(enzyme.__nodes__): Array [
    Object {
      "instance": null,
      "key": undefined,
      "nodeType": "host",
      "props": Object {
        "children": Array [
          <header>
            <h3>
                        COLORADO
            </h3>
</header>,
          <ul>
            <li
                        className="red"
            >
                        2017
                        : 
                        0
                         %
            </li>
</ul>,
        ],
        "className": "district selected",
        "id": undefined,
        "onClick": [Function],
      },
      "ref": null,
      "rendered": Array [
        Object {
          "instance": null,
          "key": undefined,
          "nodeType": "host",
          "props": Object {
            "children": <h3>
              COLORADO
</h3>,
          },
          "ref": null,
          "rendered": Object {
            "instance": null,
            "key": undefined,
            "nodeType": "host",
            "props": Object {
              "children": "COLORADO",
            },
            "ref": null,
            "rendered": "COLORADO",
            "type": "h3",
          },
          "type": "header",
        },
        Object {
          "instance": null,
          "key": undefined,
          "nodeType": "host",
          "props": Object {
            "children": Array [
              <li
                className="red"
>
                2017
                : 
                0
                 %
</li>,
            ],
          },
          "ref": null,
          "rendered": Array [
            Object {
              "instance": null,
              "key": "0",
              "nodeType": "host",
              "props": Object {
                "children": Array [
                  "2017",
                  ": ",
                  0,
                  " %",
                ],
                "className": "red",
              },
              "ref": null,
              "rendered": Array [
                "2017",
                ": ",
                0,
                " %",
              ],
              "type": "li",
            },
          ],
          "type": "ul",
        },
      ],
      "type": "article",
    },
  ],
  Symbol(enzyme.__options__): Object {
    "adapter": ReactSixteenAdapter {
      "options": Object {
        "enableComponentDidUpdateOnSetState": true,
      },
    },
  },
}
`;
