// Jest Snapshot v1, https://goo.gl/fbAQLP

exports[`App should render the app 1`] = `
ShallowWrapper {
  "length": 1,
  Symbol(enzyme.__root__): [Circular],
  Symbol(enzyme.__unrendered__): <App
    districts={
        DistrictRepository {
            "stats": Object {
              "ACADEMY 20": Object {
                "location": "ACADEMY 20",
                "stats": Object {
                  "2005": 0.278,
                  "2006": 0.337,
                  "2007": 0.395,
                },
              },
              "COLORADO": Object {
                "location": "COLORADO",
                "stats": Object {
                  "2005": 0.278,
                  "2006": 0.337,
                  "2007": 0.395,
                },
              },
              "COLORADO SPRINGS": Object {
                "location": "COLORADO SPRINGS",
                "stats": Object {
                  "2005": 0.278,
                  "2006": 0.337,
                  "2007": 0.395,
                },
              },
            },
          }
    }
/>,
  Symbol(enzyme.__renderer__): Object {
    "batchedUpdates": [Function],
    "getNode": [Function],
    "render": [Function],
    "simulateEvent": [Function],
    "unmount": [Function],
  },
  Symbol(enzyme.__node__): Object {
    "instance": null,
    "key": undefined,
    "nodeType": "host",
    "props": Object {
      "children": Array [
        <Search
          clearSearch={[Function]}
          searchDistrict={[Function]}
          searchValue=""
/>,
        <CardsContainer
          districts={
                    DistrictRepository {
                              "stats": Object {
                                "ACADEMY 20": Object {
                                  "location": "ACADEMY 20",
                                  "stats": Object {
                                    "2005": 0.278,
                                    "2006": 0.337,
                                    "2007": 0.395,
                                  },
                                },
                                "COLORADO": Object {
                                  "location": "COLORADO",
                                  "stats": Object {
                                    "2005": 0.278,
                                    "2006": 0.337,
                                    "2007": 0.395,
                                  },
                                },
                                "COLORADO SPRINGS": Object {
                                  "location": "COLORADO SPRINGS",
                                  "stats": Object {
                                    "2005": 0.278,
                                    "2006": 0.337,
                                    "2007": 0.395,
                                  },
                                },
                              },
                            }
          }
          searchValue=""
          selectLocation={[Function]}
          selectedLocations={Array []}
/>,
      ],
      "className": "App",
    },
    "ref": null,
    "rendered": Array [
      Object {
        "instance": null,
        "key": undefined,
        "nodeType": "function",
        "props": Object {
          "clearSearch": [Function],
          "searchDistrict": [Function],
          "searchValue": "",
        },
        "ref": null,
        "rendered": null,
        "type": [Function],
      },
      Object {
        "instance": null,
        "key": undefined,
        "nodeType": "function",
        "props": Object {
          "districts": DistrictRepository {
            "stats": Object {
              "ACADEMY 20": Object {
                "location": "ACADEMY 20",
                "stats": Object {
                  "2005": 0.278,
                  "2006": 0.337,
                  "2007": 0.395,
                },
              },
              "COLORADO": Object {
                "location": "COLORADO",
                "stats": Object {
                  "2005": 0.278,
                  "2006": 0.337,
                  "2007": 0.395,
                },
              },
              "COLORADO SPRINGS": Object {
                "location": "COLORADO SPRINGS",
                "stats": Object {
                  "2005": 0.278,
                  "2006": 0.337,
                  "2007": 0.395,
                },
              },
            },
          },
          "searchValue": "",
          "selectLocation": [Function],
          "selectedLocations": Array [],
        },
        "ref": null,
        "rendered": null,
        "type": [Function],
      },
    ],
    "type": "div",
  },
  Symbol(enzyme.__nodes__): Array [
    Object {
      "instance": null,
      "key": undefined,
      "nodeType": "host",
      "props": Object {
        "children": Array [
          <Search
            clearSearch={[Function]}
            searchDistrict={[Function]}
            searchValue=""
/>,
          <CardsContainer
            districts={
                        DistrictRepository {
                                    "stats": Object {
                                      "ACADEMY 20": Object {
                                        "location": "ACADEMY 20",
                                        "stats": Object {
                                          "2005": 0.278,
                                          "2006": 0.337,
                                          "2007": 0.395,
                                        },
                                      },
                                      "COLORADO": Object {
                                        "location": "COLORADO",
                                        "stats": Object {
                                          "2005": 0.278,
                                          "2006": 0.337,
                                          "2007": 0.395,
                                        },
                                      },
                                      "COLORADO SPRINGS": Object {
                                        "location": "COLORADO SPRINGS",
                                        "stats": Object {
                                          "2005": 0.278,
                                          "2006": 0.337,
                                          "2007": 0.395,
                                        },
                                      },
                                    },
                                  }
            }
            searchValue=""
            selectLocation={[Function]}
            selectedLocations={Array []}
/>,
        ],
        "className": "App",
      },
      "ref": null,
      "rendered": Array [
        Object {
          "instance": null,
          "key": undefined,
          "nodeType": "function",
          "props": Object {
            "clearSearch": [Function],
            "searchDistrict": [Function],
            "searchValue": "",
          },
          "ref": null,
          "rendered": null,
          "type": [Function],
        },
        Object {
          "instance": null,
          "key": undefined,
          "nodeType": "function",
          "props": Object {
            "districts": DistrictRepository {
              "stats": Object {
                "ACADEMY 20": Object {
                  "location": "ACADEMY 20",
                  "stats": Object {
                    "2005": 0.278,
                    "2006": 0.337,
                    "2007": 0.395,
                  },
                },
                "COLORADO": Object {
                  "location": "COLORADO",
                  "stats": Object {
                    "2005": 0.278,
                    "2006": 0.337,
                    "2007": 0.395,
                  },
                },
                "COLORADO SPRINGS": Object {
                  "location": "COLORADO SPRINGS",
                  "stats": Object {
                    "2005": 0.278,
                    "2006": 0.337,
                    "2007": 0.395,
                  },
                },
              },
            },
            "searchValue": "",
            "selectLocation": [Function],
            "selectedLocations": Array [],
          },
          "ref": null,
          "rendered": null,
          "type": [Function],
        },
      ],
      "type": "div",
    },
  ],
  Symbol(enzyme.__options__): Object {
    "adapter": ReactSixteenAdapter {
      "options": Object {
        "enableComponentDidUpdateOnSetState": true,
      },
    },
  },
}
`;
