// Jest Snapshot v1, https://goo.gl/fbAQLP

exports[`CardContainer should match the snapshot 1`] = `
ShallowWrapper {
  "length": 1,
  Symbol(enzyme.__root__): [Circular],
  Symbol(enzyme.__unrendered__): <CardContainer
    comparisonData={Object {}}
    handleCompareCards={[Function]}
    schoolData={
        Array [
            Object {
              "data": Object {
                "2004": 0.24,
                "2005": 0.278,
                "2006": 0.337,
                "2007": 0.395,
                "2008": 0.536,
                "2009": 0.598,
                "2010": 0.64,
                "2011": 0.672,
                "2012": 0.695,
                "2013": 0.703,
                "2014": 0.741,
              },
              "dataType": "Percent",
              "location": "COLORADO",
            },
          ]
    }
/>,
  Symbol(enzyme.__renderer__): Object {
    "batchedUpdates": [Function],
    "getNode": [Function],
    "render": [Function],
    "simulateEvent": [Function],
    "unmount": [Function],
  },
  Symbol(enzyme.__node__): Object {
    "instance": null,
    "key": undefined,
    "nodeType": "host",
    "props": Object {
      "children": Array [
        <a
          href="#"
>
          <Card
                    handleCompareCards={[Function]}
                    schoolData={
                              Object {
                                        "data": Object {
                                          "2004": 0.24,
                                          "2005": 0.278,
                                          "2006": 0.337,
                                          "2007": 0.395,
                                          "2008": 0.536,
                                          "2009": 0.598,
                                          "2010": 0.64,
                                          "2011": 0.672,
                                          "2012": 0.695,
                                          "2013": 0.703,
                                          "2014": 0.741,
                                        },
                                        "dataType": "Percent",
                                        "location": "COLORADO",
                                      }
                    }
                    selected={false}
                    size="large"
          />
</a>,
      ],
      "className": "CardContainer",
    },
    "ref": null,
    "rendered": Array [
      Object {
        "instance": null,
        "key": "0",
        "nodeType": "host",
        "props": Object {
          "children": <Card
            handleCompareCards={[Function]}
            schoolData={
                        Object {
                                    "data": Object {
                                      "2004": 0.24,
                                      "2005": 0.278,
                                      "2006": 0.337,
                                      "2007": 0.395,
                                      "2008": 0.536,
                                      "2009": 0.598,
                                      "2010": 0.64,
                                      "2011": 0.672,
                                      "2012": 0.695,
                                      "2013": 0.703,
                                      "2014": 0.741,
                                    },
                                    "dataType": "Percent",
                                    "location": "COLORADO",
                                  }
            }
            selected={false}
            size="large"
/>,
          "href": "#",
        },
        "ref": null,
        "rendered": Object {
          "instance": null,
          "key": undefined,
          "nodeType": "function",
          "props": Object {
            "handleCompareCards": [Function],
            "schoolData": Object {
              "data": Object {
                "2004": 0.24,
                "2005": 0.278,
                "2006": 0.337,
                "2007": 0.395,
                "2008": 0.536,
                "2009": 0.598,
                "2010": 0.64,
                "2011": 0.672,
                "2012": 0.695,
                "2013": 0.703,
                "2014": 0.741,
              },
              "dataType": "Percent",
              "location": "COLORADO",
            },
            "selected": false,
            "size": "large",
          },
          "ref": null,
          "rendered": null,
          "type": [Function],
        },
        "type": "a",
      },
    ],
    "type": "section",
  },
  Symbol(enzyme.__nodes__): Array [
    Object {
      "instance": null,
      "key": undefined,
      "nodeType": "host",
      "props": Object {
        "children": Array [
          <a
            href="#"
>
            <Card
                        handleCompareCards={[Function]}
                        schoolData={
                                    Object {
                                                "data": Object {
                                                  "2004": 0.24,
                                                  "2005": 0.278,
                                                  "2006": 0.337,
                                                  "2007": 0.395,
                                                  "2008": 0.536,
                                                  "2009": 0.598,
                                                  "2010": 0.64,
                                                  "2011": 0.672,
                                                  "2012": 0.695,
                                                  "2013": 0.703,
                                                  "2014": 0.741,
                                                },
                                                "dataType": "Percent",
                                                "location": "COLORADO",
                                              }
                        }
                        selected={false}
                        size="large"
            />
</a>,
        ],
        "className": "CardContainer",
      },
      "ref": null,
      "rendered": Array [
        Object {
          "instance": null,
          "key": "0",
          "nodeType": "host",
          "props": Object {
            "children": <Card
              handleCompareCards={[Function]}
              schoolData={
                            Object {
                                          "data": Object {
                                            "2004": 0.24,
                                            "2005": 0.278,
                                            "2006": 0.337,
                                            "2007": 0.395,
                                            "2008": 0.536,
                                            "2009": 0.598,
                                            "2010": 0.64,
                                            "2011": 0.672,
                                            "2012": 0.695,
                                            "2013": 0.703,
                                            "2014": 0.741,
                                          },
                                          "dataType": "Percent",
                                          "location": "COLORADO",
                                        }
              }
              selected={false}
              size="large"
/>,
            "href": "#",
          },
          "ref": null,
          "rendered": Object {
            "instance": null,
            "key": undefined,
            "nodeType": "function",
            "props": Object {
              "handleCompareCards": [Function],
              "schoolData": Object {
                "data": Object {
                  "2004": 0.24,
                  "2005": 0.278,
                  "2006": 0.337,
                  "2007": 0.395,
                  "2008": 0.536,
                  "2009": 0.598,
                  "2010": 0.64,
                  "2011": 0.672,
                  "2012": 0.695,
                  "2013": 0.703,
                  "2014": 0.741,
                },
                "dataType": "Percent",
                "location": "COLORADO",
              },
              "selected": false,
              "size": "large",
            },
            "ref": null,
            "rendered": null,
            "type": [Function],
          },
          "type": "a",
        },
      ],
      "type": "section",
    },
  ],
  Symbol(enzyme.__options__): Object {
    "adapter": ReactSixteenAdapter {
      "options": Object {
        "enableComponentDidUpdateOnSetState": true,
      },
    },
  },
}
`;
