// Jest Snapshot v1, https://goo.gl/fbAQLP

exports[`CardContainer matches the snapshot 1`] = `
ShallowWrapper {
  Symbol(enzyme.__root__): [Circular],
  Symbol(enzyme.__unrendered__): <CardContainer
    cards={
        Object {
            "ACADEMY 20": Object {
              "clicked": false,
              "display": true,
              "location": "ACADEMY 20",
              "stats": Object {
                "2004": 0.74,
              },
            },
            "COLORADO": Object {
              "clicked": false,
              "display": true,
              "location": "Colorado",
              "stats": Object {
                "2004": 0.24,
              },
            },
          }
    }
    handleCardClick={[Function]}
/>,
  Symbol(enzyme.__renderer__): Object {
    "batchedUpdates": [Function],
    "getNode": [Function],
    "render": [Function],
    "simulateError": [Function],
    "simulateEvent": [Function],
    "unmount": [Function],
  },
  Symbol(enzyme.__node__): Object {
    "instance": null,
    "key": undefined,
    "nodeType": "host",
    "props": Object {
      "children": Array [
        <Card
          clicked={false}
          display={true}
          handleCardClick={[Function]}
          location="Colorado"
          stats={
                    Object {
                              "2004": 0.24,
                            }
          }
/>,
        <Card
          clicked={false}
          display={true}
          handleCardClick={[Function]}
          location="ACADEMY 20"
          stats={
                    Object {
                              "2004": 0.74,
                            }
          }
/>,
      ],
      "className": "card-container",
    },
    "ref": null,
    "rendered": Array [
      Object {
        "instance": null,
        "key": "COLORADO",
        "nodeType": "function",
        "props": Object {
          "clicked": false,
          "display": true,
          "handleCardClick": [Function],
          "location": "Colorado",
          "stats": Object {
            "2004": 0.24,
          },
        },
        "ref": null,
        "rendered": null,
        "type": [Function],
      },
      Object {
        "instance": null,
        "key": "ACADEMY 20",
        "nodeType": "function",
        "props": Object {
          "clicked": false,
          "display": true,
          "handleCardClick": [Function],
          "location": "ACADEMY 20",
          "stats": Object {
            "2004": 0.74,
          },
        },
        "ref": null,
        "rendered": null,
        "type": [Function],
      },
    ],
    "type": "div",
  },
  Symbol(enzyme.__nodes__): Array [
    Object {
      "instance": null,
      "key": undefined,
      "nodeType": "host",
      "props": Object {
        "children": Array [
          <Card
            clicked={false}
            display={true}
            handleCardClick={[Function]}
            location="Colorado"
            stats={
                        Object {
                                    "2004": 0.24,
                                  }
            }
/>,
          <Card
            clicked={false}
            display={true}
            handleCardClick={[Function]}
            location="ACADEMY 20"
            stats={
                        Object {
                                    "2004": 0.74,
                                  }
            }
/>,
        ],
        "className": "card-container",
      },
      "ref": null,
      "rendered": Array [
        Object {
          "instance": null,
          "key": "COLORADO",
          "nodeType": "function",
          "props": Object {
            "clicked": false,
            "display": true,
            "handleCardClick": [Function],
            "location": "Colorado",
            "stats": Object {
              "2004": 0.24,
            },
          },
          "ref": null,
          "rendered": null,
          "type": [Function],
        },
        Object {
          "instance": null,
          "key": "ACADEMY 20",
          "nodeType": "function",
          "props": Object {
            "clicked": false,
            "display": true,
            "handleCardClick": [Function],
            "location": "ACADEMY 20",
            "stats": Object {
              "2004": 0.74,
            },
          },
          "ref": null,
          "rendered": null,
          "type": [Function],
        },
      ],
      "type": "div",
    },
  ],
  Symbol(enzyme.__options__): Object {
    "adapter": ReactSixteenAdapter {
      "options": Object {
        "enableComponentDidUpdateOnSetState": true,
        "lifecycles": Object {
          "componentDidUpdate": Object {
            "onSetState": true,
          },
          "getDerivedStateFromProps": true,
          "getSnapshotBeforeUpdate": true,
          "setState": Object {
            "skipsComponentDidUpdateOnNullish": true,
          },
        },
      },
    },
    "attachTo": undefined,
    "hydrateIn": undefined,
  },
}
`;
