// Jest Snapshot v1, https://goo.gl/fbAQLP

exports[`CompareCardContainer matches the snapshot 1`] = `
ShallowWrapper {
  Symbol(enzyme.__root__): [Circular],
  Symbol(enzyme.__unrendered__): <CompareCardContainer
    comparedAvg={Object {}}
    comparedCards={
        Array [
            Object {
              "clicked": 0,
              "display": false,
              "location": "COLORADO",
              "stats": Object {
                "2004": 0,
              },
            },
            Object {
              "clicked": 1,
              "display": false,
              "location": "ACADEMY 20",
              "stats": Object {
                "2004": 0,
              },
            },
          ]
    }
    handleCardClick={[Function]}
/>,
  Symbol(enzyme.__renderer__): Object {
    "batchedUpdates": [Function],
    "getNode": [Function],
    "render": [Function],
    "simulateError": [Function],
    "simulateEvent": [Function],
    "unmount": [Function],
  },
  Symbol(enzyme.__node__): Object {
    "instance": null,
    "key": undefined,
    "nodeType": "host",
    "props": Object {
      "children": Array [
        <ComparedCard
          clicked={0}
          display={false}
          handleCardClick={[Function]}
          location="COLORADO"
          stats={
                    Object {
                              "2004": 0,
                            }
          }
/>,
        <ComparisonCard
          props={undefined}
/>,
        <ComparedCard
          clicked={1}
          display={false}
          handleCardClick={[Function]}
          location="ACADEMY 20"
          stats={
                    Object {
                              "2004": 0,
                            }
          }
/>,
      ],
      "className": "compare-card-container",
    },
    "ref": null,
    "rendered": Array [
      Object {
        "instance": null,
        "key": "COLORADO",
        "nodeType": "function",
        "props": Object {
          "clicked": 0,
          "display": false,
          "handleCardClick": [Function],
          "location": "COLORADO",
          "stats": Object {
            "2004": 0,
          },
        },
        "ref": null,
        "rendered": null,
        "type": [Function],
      },
      Object {
        "instance": null,
        "key": undefined,
        "nodeType": "function",
        "props": Object {
          "props": undefined,
        },
        "ref": null,
        "rendered": null,
        "type": [Function],
      },
      Object {
        "instance": null,
        "key": "ACADEMY 20",
        "nodeType": "function",
        "props": Object {
          "clicked": 1,
          "display": false,
          "handleCardClick": [Function],
          "location": "ACADEMY 20",
          "stats": Object {
            "2004": 0,
          },
        },
        "ref": null,
        "rendered": null,
        "type": [Function],
      },
    ],
    "type": "div",
  },
  Symbol(enzyme.__nodes__): Array [
    Object {
      "instance": null,
      "key": undefined,
      "nodeType": "host",
      "props": Object {
        "children": Array [
          <ComparedCard
            clicked={0}
            display={false}
            handleCardClick={[Function]}
            location="COLORADO"
            stats={
                        Object {
                                    "2004": 0,
                                  }
            }
/>,
          <ComparisonCard
            props={undefined}
/>,
          <ComparedCard
            clicked={1}
            display={false}
            handleCardClick={[Function]}
            location="ACADEMY 20"
            stats={
                        Object {
                                    "2004": 0,
                                  }
            }
/>,
        ],
        "className": "compare-card-container",
      },
      "ref": null,
      "rendered": Array [
        Object {
          "instance": null,
          "key": "COLORADO",
          "nodeType": "function",
          "props": Object {
            "clicked": 0,
            "display": false,
            "handleCardClick": [Function],
            "location": "COLORADO",
            "stats": Object {
              "2004": 0,
            },
          },
          "ref": null,
          "rendered": null,
          "type": [Function],
        },
        Object {
          "instance": null,
          "key": undefined,
          "nodeType": "function",
          "props": Object {
            "props": undefined,
          },
          "ref": null,
          "rendered": null,
          "type": [Function],
        },
        Object {
          "instance": null,
          "key": "ACADEMY 20",
          "nodeType": "function",
          "props": Object {
            "clicked": 1,
            "display": false,
            "handleCardClick": [Function],
            "location": "ACADEMY 20",
            "stats": Object {
              "2004": 0,
            },
          },
          "ref": null,
          "rendered": null,
          "type": [Function],
        },
      ],
      "type": "div",
    },
  ],
  Symbol(enzyme.__options__): Object {
    "adapter": ReactSixteenAdapter {
      "options": Object {
        "enableComponentDidUpdateOnSetState": true,
        "lifecycles": Object {
          "componentDidUpdate": Object {
            "onSetState": true,
          },
          "getDerivedStateFromProps": true,
          "getSnapshotBeforeUpdate": true,
          "setState": Object {
            "skipsComponentDidUpdateOnNullish": true,
          },
        },
      },
    },
    "attachTo": undefined,
    "hydrateIn": undefined,
  },
}
`;
