// Jest Snapshot v1, https://goo.gl/fbAQLP

exports[`CompareCardsContainer matches the snapshot 1`] = `
ShallowWrapper {
  Symbol(enzyme.__root__): [Circular],
  Symbol(enzyme.__unrendered__): <CompareCardsContainer
    cards={
        Array [
            Object {
              "COLORADO": Object {
                "2004": 0.24,
                "2005": 0.278,
                "2006": 0.337,
                "2007": 0.395,
                "2008": 0.536,
                "2009": 0.598,
                "2010": 0.64,
                "2011": 0.672,
                "2012": 0.695,
                "2013": 0.703,
                "2014": 0.741,
              },
            },
            Object {
              "COLORADO SPRINGS 11": Object {
                "2004": 0.069,
                "2005": 0.509,
                "2006": 0.638,
                "2007": 0.994,
                "2008": 0.992,
                "2009": 1,
                "2010": 0.993,
                "2011": 0.994,
                "2012": 0.993,
                "2013": 0.989,
                "2014": 0.994,
              },
            },
          ]
    }
    className="compare-cards"
    comparedCard={
        Array [
            Object {
              "COLORADO": Object {
                "2004": 0.24,
                "2005": 0.278,
                "2006": 0.337,
                "2007": 0.395,
                "2008": 0.536,
                "2009": 0.598,
                "2010": 0.64,
                "2011": 0.672,
                "2012": 0.695,
                "2013": 0.703,
                "2014": 0.741,
              },
            },
            Object {
              "COLORADO SPRINGS 11": Object {
                "2004": 0.069,
                "2005": 0.509,
                "2006": 0.638,
                "2007": 0.994,
                "2008": 0.992,
                "2009": 1,
                "2010": 0.993,
                "2011": 0.994,
                "2012": 0.993,
                "2013": 0.989,
                "2014": 0.994,
              },
            },
          ]
    }
    resetState={[Function]}
/>,
  Symbol(enzyme.__renderer__): Object {
    "batchedUpdates": [Function],
    "getNode": [Function],
    "render": [Function],
    "simulateError": [Function],
    "simulateEvent": [Function],
    "unmount": [Function],
  },
  Symbol(enzyme.__node__): Object {
    "instance": null,
    "key": undefined,
    "nodeType": "host",
    "props": Object {
      "children": Array [
        Array [
          <SchoolCard
            compareAvrg={undefined}
            data={
                        Object {
                                    "COLORADO": Object {
                                      "2004": 0.24,
                                      "2005": 0.278,
                                      "2006": 0.337,
                                      "2007": 0.395,
                                      "2008": 0.536,
                                      "2009": 0.598,
                                      "2010": 0.64,
                                      "2011": 0.672,
                                      "2012": 0.695,
                                      "2013": 0.703,
                                      "2014": 0.741,
                                    },
                                  }
            }
            location="0"
            setStateOfCompare={undefined}
/>,
          <SchoolCard
            compareAvrg={undefined}
            data={
                        Object {
                                    "COLORADO SPRINGS 11": Object {
                                      "2004": 0.069,
                                      "2005": 0.509,
                                      "2006": 0.638,
                                      "2007": 0.994,
                                      "2008": 0.992,
                                      "2009": 1,
                                      "2010": 0.993,
                                      "2011": 0.994,
                                      "2012": 0.993,
                                      "2013": 0.989,
                                      "2014": 0.994,
                                    },
                                  }
            }
            location="1"
            setStateOfCompare={undefined}
/>,
        ],
        Array [
          <ComparedCard
            data={
                        Object {
                                    "comparedCard": Array [
                                      Object {
                                        "COLORADO": Object {
                                          "2004": 0.24,
                                          "2005": 0.278,
                                          "2006": 0.337,
                                          "2007": 0.395,
                                          "2008": 0.536,
                                          "2009": 0.598,
                                          "2010": 0.64,
                                          "2011": 0.672,
                                          "2012": 0.695,
                                          "2013": 0.703,
                                          "2014": 0.741,
                                        },
                                      },
                                      Object {
                                        "COLORADO SPRINGS 11": Object {
                                          "2004": 0.069,
                                          "2005": 0.509,
                                          "2006": 0.638,
                                          "2007": 0.994,
                                          "2008": 0.992,
                                          "2009": 1,
                                          "2010": 0.993,
                                          "2011": 0.994,
                                          "2012": 0.993,
                                          "2013": 0.989,
                                          "2014": 0.994,
                                        },
                                      },
                                    ],
                                  }
            }
            location={
                        Array [
                                    Object {
                                      "COLORADO": Object {
                                        "2004": 0.24,
                                        "2005": 0.278,
                                        "2006": 0.337,
                                        "2007": 0.395,
                                        "2008": 0.536,
                                        "2009": 0.598,
                                        "2010": 0.64,
                                        "2011": 0.672,
                                        "2012": 0.695,
                                        "2013": 0.703,
                                        "2014": 0.741,
                                      },
                                    },
                                    Object {
                                      "COLORADO SPRINGS 11": Object {
                                        "2004": 0.069,
                                        "2005": 0.509,
                                        "2006": 0.638,
                                        "2007": 0.994,
                                        "2008": 0.992,
                                        "2009": 1,
                                        "2010": 0.993,
                                        "2011": 0.994,
                                        "2012": 0.993,
                                        "2013": 0.989,
                                        "2014": 0.994,
                                      },
                                    },
                                  ]
            }
/>,
        ],
      ],
      "className": "compare-card-container",
    },
    "ref": null,
    "rendered": Array [
      Object {
        "instance": null,
        "key": "COLORADO",
        "nodeType": "function",
        "props": Object {
          "compareAvrg": undefined,
          "data": Object {
            "COLORADO": Object {
              "2004": 0.24,
              "2005": 0.278,
              "2006": 0.337,
              "2007": 0.395,
              "2008": 0.536,
              "2009": 0.598,
              "2010": 0.64,
              "2011": 0.672,
              "2012": 0.695,
              "2013": 0.703,
              "2014": 0.741,
            },
          },
          "location": "0",
          "setStateOfCompare": undefined,
        },
        "ref": null,
        "rendered": null,
        "type": [Function],
      },
      Object {
        "instance": null,
        "key": "COLORADO SPRINGS 11",
        "nodeType": "function",
        "props": Object {
          "compareAvrg": undefined,
          "data": Object {
            "COLORADO SPRINGS 11": Object {
              "2004": 0.069,
              "2005": 0.509,
              "2006": 0.638,
              "2007": 0.994,
              "2008": 0.992,
              "2009": 1,
              "2010": 0.993,
              "2011": 0.994,
              "2012": 0.993,
              "2013": 0.989,
              "2014": 0.994,
            },
          },
          "location": "1",
          "setStateOfCompare": undefined,
        },
        "ref": null,
        "rendered": null,
        "type": [Function],
      },
      Object {
        "instance": null,
        "key": "[object Object]",
        "nodeType": "function",
        "props": Object {
          "data": Object {
            "comparedCard": Array [
              Object {
                "COLORADO": Object {
                  "2004": 0.24,
                  "2005": 0.278,
                  "2006": 0.337,
                  "2007": 0.395,
                  "2008": 0.536,
                  "2009": 0.598,
                  "2010": 0.64,
                  "2011": 0.672,
                  "2012": 0.695,
                  "2013": 0.703,
                  "2014": 0.741,
                },
              },
              Object {
                "COLORADO SPRINGS 11": Object {
                  "2004": 0.069,
                  "2005": 0.509,
                  "2006": 0.638,
                  "2007": 0.994,
                  "2008": 0.992,
                  "2009": 1,
                  "2010": 0.993,
                  "2011": 0.994,
                  "2012": 0.993,
                  "2013": 0.989,
                  "2014": 0.994,
                },
              },
            ],
          },
          "location": Array [
            Object {
              "COLORADO": Object {
                "2004": 0.24,
                "2005": 0.278,
                "2006": 0.337,
                "2007": 0.395,
                "2008": 0.536,
                "2009": 0.598,
                "2010": 0.64,
                "2011": 0.672,
                "2012": 0.695,
                "2013": 0.703,
                "2014": 0.741,
              },
            },
            Object {
              "COLORADO SPRINGS 11": Object {
                "2004": 0.069,
                "2005": 0.509,
                "2006": 0.638,
                "2007": 0.994,
                "2008": 0.992,
                "2009": 1,
                "2010": 0.993,
                "2011": 0.994,
                "2012": 0.993,
                "2013": 0.989,
                "2014": 0.994,
              },
            },
          ],
        },
        "ref": null,
        "rendered": null,
        "type": [Function],
      },
    ],
    "type": "div",
  },
  Symbol(enzyme.__nodes__): Array [
    Object {
      "instance": null,
      "key": undefined,
      "nodeType": "host",
      "props": Object {
        "children": Array [
          Array [
            <SchoolCard
              compareAvrg={undefined}
              data={
                            Object {
                                          "COLORADO": Object {
                                            "2004": 0.24,
                                            "2005": 0.278,
                                            "2006": 0.337,
                                            "2007": 0.395,
                                            "2008": 0.536,
                                            "2009": 0.598,
                                            "2010": 0.64,
                                            "2011": 0.672,
                                            "2012": 0.695,
                                            "2013": 0.703,
                                            "2014": 0.741,
                                          },
                                        }
              }
              location="0"
              setStateOfCompare={undefined}
/>,
            <SchoolCard
              compareAvrg={undefined}
              data={
                            Object {
                                          "COLORADO SPRINGS 11": Object {
                                            "2004": 0.069,
                                            "2005": 0.509,
                                            "2006": 0.638,
                                            "2007": 0.994,
                                            "2008": 0.992,
                                            "2009": 1,
                                            "2010": 0.993,
                                            "2011": 0.994,
                                            "2012": 0.993,
                                            "2013": 0.989,
                                            "2014": 0.994,
                                          },
                                        }
              }
              location="1"
              setStateOfCompare={undefined}
/>,
          ],
          Array [
            <ComparedCard
              data={
                            Object {
                                          "comparedCard": Array [
                                            Object {
                                              "COLORADO": Object {
                                                "2004": 0.24,
                                                "2005": 0.278,
                                                "2006": 0.337,
                                                "2007": 0.395,
                                                "2008": 0.536,
                                                "2009": 0.598,
                                                "2010": 0.64,
                                                "2011": 0.672,
                                                "2012": 0.695,
                                                "2013": 0.703,
                                                "2014": 0.741,
                                              },
                                            },
                                            Object {
                                              "COLORADO SPRINGS 11": Object {
                                                "2004": 0.069,
                                                "2005": 0.509,
                                                "2006": 0.638,
                                                "2007": 0.994,
                                                "2008": 0.992,
                                                "2009": 1,
                                                "2010": 0.993,
                                                "2011": 0.994,
                                                "2012": 0.993,
                                                "2013": 0.989,
                                                "2014": 0.994,
                                              },
                                            },
                                          ],
                                        }
              }
              location={
                            Array [
                                          Object {
                                            "COLORADO": Object {
                                              "2004": 0.24,
                                              "2005": 0.278,
                                              "2006": 0.337,
                                              "2007": 0.395,
                                              "2008": 0.536,
                                              "2009": 0.598,
                                              "2010": 0.64,
                                              "2011": 0.672,
                                              "2012": 0.695,
                                              "2013": 0.703,
                                              "2014": 0.741,
                                            },
                                          },
                                          Object {
                                            "COLORADO SPRINGS 11": Object {
                                              "2004": 0.069,
                                              "2005": 0.509,
                                              "2006": 0.638,
                                              "2007": 0.994,
                                              "2008": 0.992,
                                              "2009": 1,
                                              "2010": 0.993,
                                              "2011": 0.994,
                                              "2012": 0.993,
                                              "2013": 0.989,
                                              "2014": 0.994,
                                            },
                                          },
                                        ]
              }
/>,
          ],
        ],
        "className": "compare-card-container",
      },
      "ref": null,
      "rendered": Array [
        Object {
          "instance": null,
          "key": "COLORADO",
          "nodeType": "function",
          "props": Object {
            "compareAvrg": undefined,
            "data": Object {
              "COLORADO": Object {
                "2004": 0.24,
                "2005": 0.278,
                "2006": 0.337,
                "2007": 0.395,
                "2008": 0.536,
                "2009": 0.598,
                "2010": 0.64,
                "2011": 0.672,
                "2012": 0.695,
                "2013": 0.703,
                "2014": 0.741,
              },
            },
            "location": "0",
            "setStateOfCompare": undefined,
          },
          "ref": null,
          "rendered": null,
          "type": [Function],
        },
        Object {
          "instance": null,
          "key": "COLORADO SPRINGS 11",
          "nodeType": "function",
          "props": Object {
            "compareAvrg": undefined,
            "data": Object {
              "COLORADO SPRINGS 11": Object {
                "2004": 0.069,
                "2005": 0.509,
                "2006": 0.638,
                "2007": 0.994,
                "2008": 0.992,
                "2009": 1,
                "2010": 0.993,
                "2011": 0.994,
                "2012": 0.993,
                "2013": 0.989,
                "2014": 0.994,
              },
            },
            "location": "1",
            "setStateOfCompare": undefined,
          },
          "ref": null,
          "rendered": null,
          "type": [Function],
        },
        Object {
          "instance": null,
          "key": "[object Object]",
          "nodeType": "function",
          "props": Object {
            "data": Object {
              "comparedCard": Array [
                Object {
                  "COLORADO": Object {
                    "2004": 0.24,
                    "2005": 0.278,
                    "2006": 0.337,
                    "2007": 0.395,
                    "2008": 0.536,
                    "2009": 0.598,
                    "2010": 0.64,
                    "2011": 0.672,
                    "2012": 0.695,
                    "2013": 0.703,
                    "2014": 0.741,
                  },
                },
                Object {
                  "COLORADO SPRINGS 11": Object {
                    "2004": 0.069,
                    "2005": 0.509,
                    "2006": 0.638,
                    "2007": 0.994,
                    "2008": 0.992,
                    "2009": 1,
                    "2010": 0.993,
                    "2011": 0.994,
                    "2012": 0.993,
                    "2013": 0.989,
                    "2014": 0.994,
                  },
                },
              ],
            },
            "location": Array [
              Object {
                "COLORADO": Object {
                  "2004": 0.24,
                  "2005": 0.278,
                  "2006": 0.337,
                  "2007": 0.395,
                  "2008": 0.536,
                  "2009": 0.598,
                  "2010": 0.64,
                  "2011": 0.672,
                  "2012": 0.695,
                  "2013": 0.703,
                  "2014": 0.741,
                },
              },
              Object {
                "COLORADO SPRINGS 11": Object {
                  "2004": 0.069,
                  "2005": 0.509,
                  "2006": 0.638,
                  "2007": 0.994,
                  "2008": 0.992,
                  "2009": 1,
                  "2010": 0.993,
                  "2011": 0.994,
                  "2012": 0.993,
                  "2013": 0.989,
                  "2014": 0.994,
                },
              },
            ],
          },
          "ref": null,
          "rendered": null,
          "type": [Function],
        },
      ],
      "type": "div",
    },
  ],
  Symbol(enzyme.__options__): Object {
    "adapter": ReactSixteenAdapter {
      "options": Object {
        "enableComponentDidUpdateOnSetState": true,
        "lifecycles": Object {
          "componentDidUpdate": Object {
            "onSetState": true,
          },
          "getDerivedStateFromProps": true,
          "getSnapshotBeforeUpdate": true,
          "setState": Object {
            "skipsComponentDidUpdateOnNullish": true,
          },
        },
      },
    },
    "attachTo": undefined,
    "hydrateIn": undefined,
  },
}
`;
